Component: Arm Compiler for Embedded 6.18 Tool: armlink [5e4cc100]

==============================================================================

Section Cross References

    startup_stm32g474xx.o(RESET) refers to startup_stm32g474xx.o(STACK) for __initial_sp
    startup_stm32g474xx.o(RESET) refers to startup_stm32g474xx.o(.text) for Reset_Handler
    startup_stm32g474xx.o(RESET) refers to stm32g4xx_it.o(.text.NMI_Handler) for NMI_Handler
    startup_stm32g474xx.o(RESET) refers to stm32g4xx_it.o(.text.HardFault_Handler) for HardFault_Handler
    startup_stm32g474xx.o(RESET) refers to stm32g4xx_it.o(.text.MemManage_Handler) for MemManage_Handler
    startup_stm32g474xx.o(RESET) refers to stm32g4xx_it.o(.text.BusFault_Handler) for BusFault_Handler
    startup_stm32g474xx.o(RESET) refers to stm32g4xx_it.o(.text.UsageFault_Handler) for UsageFault_Handler
    startup_stm32g474xx.o(RESET) refers to stm32g4xx_it.o(.text.SVC_Handler) for SVC_Handler
    startup_stm32g474xx.o(RESET) refers to stm32g4xx_it.o(.text.DebugMon_Handler) for DebugMon_Handler
    startup_stm32g474xx.o(RESET) refers to stm32g4xx_it.o(.text.PendSV_Handler) for PendSV_Handler
    startup_stm32g474xx.o(RESET) refers to stm32g4xx_it.o(.text.SysTick_Handler) for SysTick_Handler
    startup_stm32g474xx.o(RESET) refers to stm32g4xx_it.o(.text.DMA1_Channel1_IRQHandler) for DMA1_Channel1_IRQHandler
    startup_stm32g474xx.o(RESET) refers to stm32g4xx_it.o(.text.DMA1_Channel2_IRQHandler) for DMA1_Channel2_IRQHandler
    startup_stm32g474xx.o(RESET) refers to stm32g4xx_it.o(.text.DMA1_Channel3_IRQHandler) for DMA1_Channel3_IRQHandler
    startup_stm32g474xx.o(RESET) refers to stm32g4xx_it.o(.text.DMA1_Channel4_IRQHandler) for DMA1_Channel4_IRQHandler
    startup_stm32g474xx.o(RESET) refers to stm32g4xx_it.o(.text.EXTI15_10_IRQHandler) for EXTI15_10_IRQHandler
    startup_stm32g474xx.o(.text) refers to system_stm32g4xx.o(.text.SystemInit) for SystemInit
    startup_stm32g474xx.o(.text) refers to entry.o(.ARM.Collect$$$$00000000) for __main
    as5600.o(.text.AS5600_ReadRawAngle) refers to stm32g4xx_hal_i2c.o(.text.HAL_I2C_Mem_Read) for HAL_I2C_Mem_Read
    as5600.o(.ARM.exidx.text.AS5600_ReadRawAngle) refers to as5600.o(.text.AS5600_ReadRawAngle) for [Anonymous Symbol]
    as5600.o(.text.AS5600_ReadAngle) refers to stm32g4xx_hal_i2c.o(.text.HAL_I2C_Mem_Read) for HAL_I2C_Mem_Read
    as5600.o(.ARM.exidx.text.AS5600_ReadAngle) refers to as5600.o(.text.AS5600_ReadAngle) for [Anonymous Symbol]
    as5600.o(.text.AS5600_GetAngle360) refers to as5600.o(.bss..L_MergedGlobals) for .L_MergedGlobals
    as5600.o(.ARM.exidx.text.AS5600_GetAngle360) refers to as5600.o(.text.AS5600_GetAngle360) for [Anonymous Symbol]
    as5600.o(.text.AS5600_GetAngle2PI) refers to as5600.o(.bss..L_MergedGlobals) for .L_MergedGlobals
    as5600.o(.ARM.exidx.text.AS5600_GetAngle2PI) refers to as5600.o(.text.AS5600_GetAngle2PI) for [Anonymous Symbol]
    as5600.o(.text.AS5600_GetAngle) refers to as5600.o(.bss..L_MergedGlobals) for .L_MergedGlobals
    as5600.o(.ARM.exidx.text.AS5600_GetAngle) refers to as5600.o(.text.AS5600_GetAngle) for [Anonymous Symbol]
    as5600.o(.text.AS5600_GetVelocity) refers to as5600.o(.bss..L_MergedGlobals) for .L_MergedGlobals
    as5600.o(.ARM.exidx.text.AS5600_GetVelocity) refers to as5600.o(.text.AS5600_GetVelocity) for [Anonymous Symbol]
    as5600.o(.text.AS5600_Get_Speed) refers to as5600.o(.bss..L_MergedGlobals) for .L_MergedGlobals
    as5600.o(.text.AS5600_Get_Speed) refers to main.o(.data..L_MergedGlobals) for DIR
    as5600.o(.text.AS5600_Get_Speed) refers to lowpass_filter.o(.text.LowPass_Filter) for LowPass_Filter
    as5600.o(.ARM.exidx.text.AS5600_Get_Speed) refers to as5600.o(.text.AS5600_Get_Speed) for [Anonymous Symbol]
    control.o(.text.Angle_Control) refers to pid.o(.bss..L_MergedGlobals) for pid_angle
    control.o(.ARM.exidx.text.Angle_Control) refers to control.o(.text.Angle_Control) for [Anonymous Symbol]
    control.o(.text.Speed_Control) refers to pid.o(.bss..L_MergedGlobals) for pid_speed
    control.o(.ARM.exidx.text.Speed_Control) refers to control.o(.text.Speed_Control) for [Anonymous Symbol]
    control.o(.text.Current_Control) refers to pid.o(.bss..L_MergedGlobals) for pid_current
    control.o(.ARM.exidx.text.Current_Control) refers to control.o(.text.Current_Control) for [Anonymous Symbol]
    control.o(.text.Moment_limiting) refers to control.o(.bss..L_MergedGlobals) for .L_MergedGlobals
    control.o(.ARM.exidx.text.Moment_limiting) refers to control.o(.text.Moment_limiting) for [Anonymous Symbol]
    foc.o(.ARM.exidx.text.Systick_CountMode) refers to foc.o(.text.Systick_CountMode) for [Anonymous Symbol]
    foc.o(.text._electricalAngle) refers to main.o(.data..L_MergedGlobals) for DIR
    foc.o(.text._electricalAngle) refers to as5600.o(.text.AS5600_GetAngle2PI) for AS5600_GetAngle2PI
[...]
    .ARM.Collect$$$$00000004                 0x080001dc   Section        4  entry5.o(.ARM.Collect$$$$00000004)
    .ARM.Collect$$$$00000008                 0x080001e0   Section        0  entry7b.o(.ARM.Collect$$$$00000008)
    .ARM.Collect$$$$0000000A                 0x080001e0   Section        0  entry8b.o(.ARM.Collect$$$$0000000A)
    .ARM.Collect$$$$0000000B                 0x080001e0   Section        8  entry9a.o(.ARM.Collect$$$$0000000B)
    __lit__00000000                          0x080001e8   Data           4  entry2.o(.ARM.Collect$$$$00002712)
    .ARM.Collect$$$$0000000D                 0x080001e8   Section        0  entry10a.o(.ARM.Collect$$$$0000000D)
    .ARM.Collect$$$$0000000F                 0x080001e8   Section        0  entry11a.o(.ARM.Collect$$$$0000000F)
    .ARM.Collect$$$$00002712                 0x080001e8   Section        4  entry2.o(.ARM.Collect$$$$00002712)
    $v0                                      0x080001ec   Number         0  startup_stm32g474xx.o(.text)
    .text                                    0x080001ec   Section       36  startup_stm32g474xx.o(.text)
    .text                                    0x08000210   Section        0  uldiv.o(.text)
    .text                                    0x08000272   Section        0  memseta.o(.text)
    .text                                    0x08000296   Section        0  dadd.o(.text)
    .text                                    0x080003e4   Section        0  dmul.o(.text)
    .text                                    0x080004c8   Section        0  ddiv.o(.text)
    .text                                    0x080005a6   Section        0  f2d.o(.text)
    .text                                    0x080005cc   Section        0  d2f.o(.text)
    .text                                    0x08000604   Section        0  llshl.o(.text)
    .text                                    0x08000622   Section        0  llushr.o(.text)
    .text                                    0x08000642   Section        0  llsshr.o(.text)
    .text                                    0x08000666   Section        0  iusefp.o(.text)
    .text                                    0x08000666   Section        0  fepilogue.o(.text)
    .text                                    0x080006d4   Section        0  depilogue.o(.text)
    .text                                    0x0800078e   Section        0  drem.o(.text)
    .text                                    0x08000814   Section       36  init.o(.text)
    .text                                    0x08000838   Section        0  dflti.o(.text)
    .text                                    0x0800085a   Section        0  dfltui.o(.text)
    .text                                    0x08000874   Section        0  dfixi.o(.text)
    [Anonymous Symbol]                       0x080008b4   Section        0  abz.o(.text.ABZ_GetAngle2PI)
    [Anonymous Symbol]                       0x080008f0   Section        0  abz.o(.text.ABZ_Get_Speed)
    [Anonymous Symbol]                       0x080009e8   Section        0  foc.o(.text.ABZ_Set_Speed)
    [Anonymous Symbol]                       0x08000aac   Section        0  lowpass_filter.o(.text.ADC_Filter_Init)
    [Anonymous Symbol]                       0x08000ac0   Section        0  stm32g4xx_it.o(.text.BusFault_Handler)
    [Anonymous Symbol]                       0x08000ac4   Section        0  stm32g4xx_it.o(.text.DMA1_Channel1_IRQHandler)
    [Anonymous Symbol]                       0x08000ad0   Section        0  stm32g4xx_it.o(.text.DMA1_Channel2_IRQHandler)
    [Anonymous Symbol]                       0x08000adc   Section        0  stm32g4xx_it.o(.text.DMA1_Channel3_IRQHandler)
    [Anonymous Symbol]                       0x08000ae8   Section        0  stm32g4xx_it.o(.text.DMA1_Channel4_IRQHandler)
    [Anonymous Symbol]                       0x08000af4   Section        0  stm32g4xx_it.o(.text.DebugMon_Handler)
    [Anonymous Symbol]                       0x08000af8   Section        0  stm32g4xx_it.o(.text.EXTI15_10_IRQHandler)
    [Anonymous Symbol]                       0x08000b00   Section        0  main.o(.text.Error_Handler)
    [Anonymous Symbol]                       0x08000b10   Section        0  foc.o(.text.FOC_ABZ_Init)
    [Anonymous Symbol]                       0x08000bd0   Section        0  foc.o(.text.FOC_Init)
    [Anonymous Symbol]                       0x08000be0   Section        0  stm32g4xx_hal_adc_ex.o(.text.HAL_ADCEx_MultiModeConfigChannel)
    [Anonymous Symbol]                       0x08000d14   Section        0  stm32g4xx_hal_adc.o(.text.HAL_ADC_ConfigChannel)
    [Anonymous Symbol]                       0x080010fc   Section        0  stm32g4xx_hal_adc.o(.text.HAL_ADC_Init)
    [Anonymous Symbol]                       0x08001378   Section        0  adc.o(.text.HAL_ADC_MspInit)
    [Anonymous Symbol]                       0x080015cc   Section        0  stm32g4xx_hal_dma.o(.text.HAL_DMA_IRQHandler)
    [Anonymous Symbol]                       0x08001678   Section        0  stm32g4xx_hal_dma.o(.text.HAL_DMA_Init)
    [Anonymous Symbol]                       0x080017a4   Section        0  stm32g4xx_hal.o(.text.HAL_Delay)
    [Anonymous Symbol]                       0x080017cc   Section        0  stm32g4xx_hal_fdcan.o(.text.HAL_FDCAN_Init)
    [Anonymous Symbol]                       0x08001a20   Section        0  fdcan.o(.text.HAL_FDCAN_MspInit)
    [Anonymous Symbol]                       0x08001b34   Section        0  stm32g4xx_hal_gpio.o(.text.HAL_GPIO_EXTI_Callback)
    [Anonymous Symbol]                       0x08001b38   Section        0  stm32g4xx_hal_gpio.o(.text.HAL_GPIO_EXTI_IRQHandler)
    [Anonymous Symbol]                       0x08001b50   Section        0  stm32g4xx_hal_gpio.o(.text.HAL_GPIO_Init)
    [Anonymous Symbol]                       0x08001d2c   Section        0  stm32g4xx_hal_gpio.o(.text.HAL_GPIO_WritePin)
    [Anonymous Symbol]                       0x08001d38   Section        0  stm32g4xx_hal.o(.text.HAL_GetTick)
    [Anonymous Symbol]                       0x08001d44   Section        0  stm32g4xx_hal_i2c_ex.o(.text.HAL_I2CEx_ConfigAnalogFilter)
    [Anonymous Symbol]                       0x08001d90   Section        0  stm32g4xx_hal_i2c_ex.o(.text.HAL_I2CEx_ConfigDigitalFilter)
    [Anonymous Symbol]                       0x08001dd8   Section        0  stm32g4xx_hal_i2c.o(.text.HAL_I2C_Init)
    [Anonymous Symbol]                       0x08001e88   Section        0  i2c.o(.text.HAL_I2C_MspInit)
    [Anonymous Symbol]                       0x08001f80   Section        0  stm32g4xx_hal.o(.text.HAL_IncTick)
    [Anonymous Symbol]                       0x08001f9c   Section        0  stm32g4xx_hal.o(.text.HAL_Init)
    [Anonymous Symbol]                       0x08001fbc   Section        0  stm32g4xx_hal.o(.text.HAL_InitTick)
    [Anonymous Symbol]                       0x08002008   Section        0  stm32g4xx_hal_msp.o(.text.HAL_MspInit)
    [Anonymous Symbol]                       0x0800203c   Section        0  stm32g4xx_hal_cortex.o(.text.HAL_NVIC_EnableIRQ)
    [Anonymous Symbol]                       0x0800205c   Section        0  stm32g4xx_hal_cortex.o(.text.HAL_NVIC_SetPriority)
    [Anonymous Symbol]                       0x080020b4   Section        0  stm32g4xx_hal_cortex.o(.text.HAL_NVIC_SetPriorityGrouping)
    [Anonymous Symbol]                       0x080020d4   Section        0  stm32g4xx_hal_pwr_ex.o(.text.HAL_PWREx_ControlVoltageScaling)
    [Anonymous Symbol]                       0x080021fc   Section        0  stm32g4xx_hal_pwr_ex.o(.text.HAL_PWREx_DisableUCPDDeadBattery)
    [Anonymous Symbol]                       0x08002210   Section        0  stm32g4xx_hal_rcc_ex.o(.text.HAL_RCCEx_PeriphCLKConfig)
    [Anonymous Symbol]                       0x080024e8   Section        0  stm32g4xx_hal_rcc.o(.text.HAL_RCC_ClockConfig)
    [Anonymous Symbol]                       0x080027fc   Section        0  stm32g4xx_hal_rcc.o(.text.HAL_RCC_GetPCLK1Freq)
    [Anonymous Symbol]                       0x08002828   Section        0  stm32g4xx_hal_rcc.o(.text.HAL_RCC_GetPCLK2Freq)
    [Anonymous Symbol]                       0x08002854   Section        0  stm32g4xx_hal_rcc.o(.text.HAL_RCC_GetSysClockFreq)
    [Anonymous Symbol]                       0x080028d0   Section        0  stm32g4xx_hal_rcc.o(.text.HAL_RCC_OscConfig)
    [Anonymous Symbol]                       0x08002d7c   Section        0  stm32g4xx_hal_cortex.o(.text.HAL_SYSTICK_Config)
    [Anonymous Symbol]                       0x08002da8   Section        0  stm32g4xx_hal_tim_ex.o(.text.HAL_TIMEx_ConfigBreakDeadTime)
    [Anonymous Symbol]                       0x08002e7c   Section        0  stm32g4xx_hal_tim_ex.o(.text.HAL_TIMEx_ConfigEncoderIndex)
    [Anonymous Symbol]                       0x08002ecc   Section        0  stm32g4xx_hal_tim_ex.o(.text.HAL_TIMEx_EnableEncoderIndex)
    [Anonymous Symbol]                       0x08002edc   Section        0  stm32g4xx_hal_tim_ex.o(.text.HAL_TIMEx_MasterConfigSynchronization)
    [Anonymous Symbol]                       0x08002fbc   Section        0  stm32g4xx_hal_tim_ex.o(.text.HAL_TIMEx_PWMN_Start)
    [Anonymous Symbol]                       0x080030d0   Section        0  stm32g4xx_hal_tim.o(.text.HAL_TIM_Base_Init)
    [Anonymous Symbol]                       0x08003134   Section        0  tim.o(.text.HAL_TIM_Base_MspInit)
    [Anonymous Symbol]                       0x08003190   Section        0  stm32g4xx_hal_tim.o(.text.HAL_TIM_ConfigClockSource)
    [Anonymous Symbol]                       0x080033b0   Section        0  stm32g4xx_hal_tim.o(.text.HAL_TIM_Encoder_Init)
    [Anonymous Symbol]                       0x08003468   Section        0  tim.o(.text.HAL_TIM_Encoder_MspInit)
    [Anonymous Symbol]                       0x080035c0   Section        0  stm32g4xx_hal_tim.o(.text.HAL_TIM_Encoder_Start)
    [Anonymous Symbol]                       0x0800367c   Section        0  tim.o(.text.HAL_TIM_MspPostInit)
    [Anonymous Symbol]                       0x0800375c   Section        0  stm32g4xx_hal_tim.o(.text.HAL_TIM_PWM_ConfigChannel)
    [Anonymous Symbol]                       0x08003b5c   Section        0  stm32g4xx_hal_tim.o(.text.HAL_TIM_PWM_Init)
    [Anonymous Symbol]                       0x08003bc0   Section        0  stm32g4xx_hal_tim.o(.text.HAL_TIM_PWM_MspInit)
    [Anonymous Symbol]                       0x08003bc4   Section        0  stm32g4xx_hal_tim.o(.text.HAL_TIM_PWM_Start)
    [Anonymous Symbol]                       0x08003d64   Section        0  stm32g4xx_hal_uart_ex.o(.text.HAL_UARTEx_DisableFifoMode)
    [Anonymous Symbol]                       0x08003d9c   Section        0  stm32g4xx_hal_uart_ex.o(.text.HAL_UARTEx_SetRxFifoThreshold)
    [Anonymous Symbol]                       0x08003e28   Section        0  stm32g4xx_hal_uart_ex.o(.text.HAL_UARTEx_SetTxFifoThreshold)
    [Anonymous Symbol]                       0x08003eb4   Section        0  stm32g4xx_hal_uart.o(.text.HAL_UART_Init)
    [Anonymous Symbol]                       0x08003f18   Section        0  usart.o(.text.HAL_UART_MspInit)
    [Anonymous Symbol]                       0x080040bc   Section        0  stm32g4xx_it.o(.text.HardFault_Handler)
    [Anonymous Symbol]                       0x080040c0   Section        0  lowpass_filter.o(.text.LowPass_Filter)
    [Anonymous Symbol]                       0x080040f0   Section        0  adc.o(.text.MX_ADC1_Init)
    [Anonymous Symbol]                       0x080041e8   Section        0  adc.o(.text.MX_ADC2_Init)
    [Anonymous Symbol]                       0x080042c0   Section        0  adc.o(.text.MX_ADC3_Init)
    [Anonymous Symbol]                       0x08004370   Section        0  dma.o(.text.MX_DMA_Init)
    [Anonymous Symbol]                       0x080043e8   Section        0  fdcan.o(.text.MX_FDCAN1_Init)
    [Anonymous Symbol]                       0x08004438   Section        0  fdcan.o(.text.MX_FDCAN2_Init)
    [Anonymous Symbol]                       0x08004488   Section        0  gpio.o(.text.MX_GPIO_Init)
    [Anonymous Symbol]                       0x08004574   Section        0  i2c.o(.text.MX_I2C1_Init)
    [Anonymous Symbol]                       0x080045ec   Section        0  i2c.o(.text.MX_I2C2_Init)
    [Anonymous Symbol]                       0x08004664   Section        0  usart.o(.text.MX_LPUART1_UART_Init)
    [Anonymous Symbol]                       0x080046e8   Section        0  tim.o(.text.MX_TIM1_Init)
    [Anonymous Symbol]                       0x08004868   Section        0  tim.o(.text.MX_TIM2_Init)
    [Anonymous Symbol]                       0x08004904   Section        0  tim.o(.text.MX_TIM3_Init)
    [Anonymous Symbol]                       0x080049a4   Section        0  tim.o(.text.MX_TIM8_Init)
    [Anonymous Symbol]                       0x08004af0   Section        0  usart.o(.text.MX_USART1_UART_Init)
    [Anonymous Symbol]                       0x08004b74   Section        0  usart.o(.text.MX_USART3_UART_Init)
    [Anonymous Symbol]                       0x08004bf8   Section        0  stm32g4xx_it.o(.text.MemManage_Handler)
    [Anonymous Symbol]                       0x08004bfc   Section        0  control.o(.text.Moment_limiting)
    [Anonymous Symbol]                       0x08004c88   Section        0  stm32g4xx_it.o(.text.NMI_Handler)
    [Anonymous Symbol]                       0x08004c8c   Section        0  pid.o(.text.PID_init)
    [Anonymous Symbol]                       0x08004d08   Section        0  stm32g4xx_it.o(.text.PendSV_Handler)
    [Anonymous Symbol]                       0x08004d0c   Section        0  stm32g4xx_it.o(.text.SVC_Handler)
    [Anonymous Symbol]                       0x08004d10   Section        0  control.o(.text.Speed_Control)
    [Anonymous Symbol]                       0x08004d90   Section        0  stm32g4xx_it.o(.text.SysTick_Handler)
    [Anonymous Symbol]                       0x08004d94   Section        0  system_stm32g4xx.o(.text.SystemInit)
    [Anonymous Symbol]                       0x08004da8   Section        0  abz.o(.text.TIM2_M1_ABZ)
    [Anonymous Symbol]                       0x08004dc4   Section        0  abz.o(.text.TIM3_M2_ABZ)
    [Anonymous Symbol]                       0x08004de0   Section        0  stm32g4xx_hal_tim.o(.text.TIM_Base_SetConfig)
    [Anonymous Symbol]                       0x08004f2c   Section        0  stm32g4xx_hal_tim.o(.text.TIM_ETR_SetConfig)
    [Anonymous Symbol]                       0x08004f44   Section        0  stm32g4xx_hal_uart.o(.text.UART_AdvFeatureConfig)
    [Anonymous Symbol]                       0x0800502c   Section        0  stm32g4xx_hal_uart.o(.text.UART_CheckIdleState)
    [Anonymous Symbol]                       0x0800519c   Section        0  stm32g4xx_hal_uart.o(.text.UART_SetConfig)
    [Anonymous Symbol]                       0x0800545c   Section        0  stm32g4xx_hal_uart.o(.text.UART_WaitOnFlagUntilTimeout)
    [Anonymous Symbol]                       0x080057a4   Section        0  stm32g4xx_it.o(.text.UsageFault_Handler)
    [Anonymous Symbol]                       0x080057a8   Section        0  main.o(.text.main)
    [Anonymous Symbol]                       0x080058d0   Section        0  foc.o(.text.setTorque)
    i.__ARM_fpclassify                       0x08005bfc   Section        0  fpclassify.o(i.__ARM_fpclassify)
    i.__hardfp_cos                           0x08005c30   Section        0  cos.o(i.__hardfp_cos)
    i.__hardfp_fmod                          0x08005cf8   Section        0  fmod.o(i.__hardfp_fmod)
    i.__hardfp_sin                           0x08005e00   Section        0  sin.o(i.__hardfp_sin)
    i.__ieee754_rem_pio2                     0x08005ec8   Section        0  rred.o(i.__ieee754_rem_pio2)
    i.__kernel_cos                           0x08006300   Section        0  cos_i.o(i.__kernel_cos)
    i.__kernel_poly                          0x08006470   Section        0  poly.o(i.__kernel_poly)
    i.__kernel_sin                           0x08006568   Section        0  sin_i.o(i.__kernel_sin)
    i.__mathlib_dbl_infnan                   0x08006698   Section        0  dunder.o(i.__mathlib_dbl_infnan)
    i.__mathlib_dbl_invalid                  0x080066b0   Section        0  dunder.o(i.__mathlib_dbl_invalid)
    i.__mathlib_dbl_underflow                0x080066d0   Section        0  dunder.o(i.__mathlib_dbl_underflow)
    i.__scatterload_copy                     0x080066f0   Section       14  handlers.o(i.__scatterload_copy)
    i.__scatterload_null                     0x080066fe   Section        2  handlers.o(i.__scatterload_null)
    i.__scatterload_zeroinit                 0x08006700   Section       14  handlers.o(i.__scatterload_zeroinit)
    i.__set_errno                            0x08006710   Section        0  errno.o(i.__set_errno)
    i.fabs                                   0x0800671c   Section        0  fabs.o(i.fabs)
    C                                        0x08006738   Data          48  cos_i.o(.constdata)
    .constdata                               0x08006738   Section       48  cos_i.o(.constdata)
    pio2s                                    0x08006768   Data          48  rred.o(.constdata)
    .constdata                               0x08006768   Section      204  rred.o(.constdata)
    twooverpi                                0x08006798   Data         156  rred.o(.constdata)
    S                                        0x08006838   Data          40  sin_i.o(.constdata)
    .constdata                               0x08006838   Section       40  sin_i.o(.constdata)
    .Lswitch.table.UART_SetConfig.5          0x08006890   Data          16  stm32g4xx_hal_uart.o(.rodata.cst16)
    UARTEx_SetNbDataToProcess.numerator      0x080068a0   Data           8  stm32g4xx_hal_uart_ex.o(.rodata.cst8)
    [Anonymous Symbol]                       0x080068a0   Section        0  stm32g4xx_hal_uart_ex.o(.rodata.cst8)
    UARTEx_SetNbDataToProcess.denominator    0x080068a8   Data           8  stm32g4xx_hal_uart_ex.o(.rodata.cst8)
    _errno                                   0x20000000   Data           4  errno.o(.data)
    .data                                    0x20000000   Section        4  errno.o(.data)
    .L_MergedGlobals                         0x20000004   Data          12  main.o(.data..L_MergedGlobals)
    [Anonymous Symbol]                       0x20000004   Section        0  main.o(.data..L_MergedGlobals)
    .L_MergedGlobals                         0x20000010   Data           8  stm32g4xx_hal.o(.data..L_MergedGlobals)
    [Anonymous Symbol]                       0x20000010   Section        0  stm32g4xx_hal.o(.data..L_MergedGlobals)
    .L_MergedGlobals                         0x20000020   Data          12  control.o(.bss..L_MergedGlobals)
    [Anonymous Symbol]                       0x20000020   Section        0  control.o(.bss..L_MergedGlobals)
    .L_MergedGlobals                         0x2000002c   Data         108  pid.o(.bss..L_MergedGlobals)
    [Anonymous Symbol]                       0x2000002c   Section        0  pid.o(.bss..L_MergedGlobals)
    .L_MergedGlobals                         0x20000098   Data          56  abz.o(.bss..L_MergedGlobals)
    [Anonymous Symbol]                       0x20000098   Section        0  abz.o(.bss..L_MergedGlobals)
    .L_MergedGlobals                         0x200000d0   Data          32  adc.o(.bss..L_MergedGlobals)
    [Anonymous Symbol]                       0x200000d0   Section        0  adc.o(.bss..L_MergedGlobals)
    HAL_RCC_ADC12_CLK_ENABLED                0x200000d4   Data           4  adc.o(.bss..L_MergedGlobals)
    HAL_RCC_FDCAN_CLK_ENABLED                0x200000f4   Data           4  fdcan.o(.bss.HAL_RCC_FDCAN_CLK_ENABLED)
    [Anonymous Symbol]                       0x200000f4   Section        0  fdcan.o(.bss.HAL_RCC_FDCAN_CLK_ENABLED)
    STACK                                    0x20000898   Section     1024  startup_stm32g474xx.o(STACK)

    Global Symbols

    Symbol Name                              Value     Ov Type        Size  Object(Section)

    BuildAttributes$$THM_ISAv4$E$P$D$K$B$S$7EM$VFPi3$EXTD16$VFPS$VFMA$PE$A:L22UL41UL21$X:L11$S22US41US21$IEEE1$IW$~IW$USESV6$~STKCKD$USESV7$~SHL$OTIME$ROPI$IEEEX$EBA8$MICROLIB$REQ8$PRES8$EABIv2 0x00000000   Number         0  anon$$obj.o ABSOLUTE
    _printf_a                                0x00000000   Number         0  printfstubs.o ABSOLUTE
    _printf_c                                0x00000000   Number         0  printfstubs.o ABSOLUTE
    _printf_charcount                        0x00000000   Number         0  printfstubs.o ABSOLUTE
    _printf_d                                0x00000000   Number         0  printfstubs.o ABSOLUTE
    _printf_e                                0x00000000   Number         0  printfstubs.o ABSOLUTE
    _printf_f                                0x00000000   Number         0  printfstubs.o ABSOLUTE
    _printf_flags                            0x00000000   Number         0  printfstubs.o ABSOLUTE
    _printf_fp_dec                           0x00000000   Number         0  printfstubs.o ABSOLUTE
    _printf_fp_hex                           0x00000000   Number         0  printfstubs.o ABSOLUTE
    _printf_g                                0x00000000   Number         0  printfstubs.o ABSOLUTE
    _printf_i                                0x00000000   Number         0  printfstubs.o ABSOLUTE
    _printf_int_dec                          0x00000000   Number         0  printfstubs.o ABSOLUTE
    _printf_l                                0x00000000   Number         0  printfstubs.o ABSOLUTE
    _printf_lc                               0x00000000   Number         0  printfstubs.o ABSOLUTE
    _printf_ll                               0x00000000   Number         0  printfstubs.o ABSOLUTE
    _printf_lld                              0x00000000   Number         0  printfstubs.o ABSOLUTE
    _printf_lli                              0x00000000   Number         0  printfstubs.o ABSOLUTE
    _printf_llo                              0x00000000   Number         0  printfstubs.o ABSOLUTE
    _printf_llu                              0x00000000   Number         0  printfstubs.o ABSOLUTE
    _printf_llx                              0x00000000   Number         0  printfstubs.o ABSOLUTE
    _printf_longlong_dec                     0x00000000   Number         0  printfstubs.o ABSOLUTE
    _printf_longlong_hex                     0x00000000   Number         0  printfstubs.o ABSOLUTE
    _printf_longlong_oct                     0x00000000   Number         0  printfstubs.o ABSOLUTE
    _printf_ls                               0x00000000   Number         0  printfstubs.o ABSOLUTE
    _printf_mbtowc                           0x00000000   Number         0  printfstubs.o ABSOLUTE
    _printf_n                                0x00000000   Number         0  printfstubs.o ABSOLUTE
    _printf_o                                0x00000000   Number         0  printfstubs.o ABSOLUTE
    _printf_p                                0x00000000   Number         0  printfstubs.o ABSOLUTE
    _printf_percent                          0x00000000   Number         0  printfstubs.o ABSOLUTE
    _printf_pre_padding                      0x00000000   Number         0  printfstubs.o ABSOLUTE
    _printf_return_value                     0x00000000   Number         0  printfstubs.o ABSOLUTE
    _printf_s                                0x00000000   Number         0  printfstubs.o ABSOLUTE
    _printf_sizespec                         0x00000000   Number         0  printfstubs.o ABSOLUTE
    _printf_str                              0x00000000   Number         0  printfstubs.o ABSOLUTE
    _printf_truncate_signed                  0x00000000   Number         0  printfstubs.o ABSOLUTE
    _printf_truncate_unsigned                0x00000000   Number         0  printfstubs.o ABSOLUTE
    _printf_u                                0x00000000   Number         0  printfstubs.o ABSOLUTE
    _printf_wc                               0x00000000   Number         0  printfstubs.o ABSOLUTE
    _printf_wctomb                           0x00000000   Number         0  printfstubs.o ABSOLUTE
    _printf_widthprec                        0x00000000   Number         0  printfstubs.o ABSOLUTE
    _printf_x                                0x00000000   Number         0  printfstubs.o ABSOLUTE
    __cpp_initialize__aeabi_                  - Undefined Weak Reference
    __cxa_finalize                            - Undefined Weak Reference
    __decompress                              - Undefined Weak Reference
    _clock_init                               - Undefined Weak Reference
    _microlib_exit                            - Undefined Weak Reference
    __Vectors_Size                           0x000001d8   Number         0  startup_stm32g474xx.o ABSOLUTE
    __Vectors                                0x08000000   Data           4  startup_stm32g474xx.o(RESET)
    __Vectors_End                            0x080001d8   Data           0  startup_stm32g474xx.o(RESET)
    __main                                   0x080001d9   Thumb Code     0  entry.o(.ARM.Collect$$$$00000000)
    _main_stk                                0x080001d9   Thumb Code     0  entry2.o(.ARM.Collect$$$$00000001)
    _main_scatterload                        0x080001dd   Thumb Code     0  entry5.o(.ARM.Collect$$$$00000004)
    __main_after_scatterload                 0x080001e1   Thumb Code     0  entry5.o(.ARM.Collect$$$$00000004)
    _main_clock                              0x080001e1   Thumb Code     0  entry7b.o(.ARM.Collect$$$$00000008)
    _main_cpp_init                           0x080001e1   Thumb Code     0  entry8b.o(.ARM.Collect$$$$0000000A)
    _main_init                               0x080001e1   Thumb Code     0  entry9a.o(.ARM.Collect$$$$0000000B)
    __rt_final_cpp                           0x080001e9   Thumb Code     0  entry10a.o(.ARM.Collect$$$$0000000D)
    __rt_final_exit                          0x080001e9   Thumb Code     0  entry11a.o(.ARM.Collect$$$$0000000F)
    Reset_Handler                            0x080001ed   Thumb Code     8  startup_stm32g474xx.o(.text)
    ADC1_2_IRQHandler                        0x08000207   Thumb Code     0  startup_stm32g474xx.o(.text)
    ADC3_IRQHandler                          0x08000207   Thumb Code     0  startup_stm32g474xx.o(.text)
    ADC4_IRQHandler                          0x08000207   Thumb Code     0  startup_stm32g474xx.o(.text)
    ADC5_IRQHandler                          0x08000207   Thumb Code     0  startup_stm32g474xx.o(.text)
    COMP1_2_3_IRQHandler                     0x08000207   Thumb Code     0  startup_stm32g474xx.o(.text)
    COMP4_5_6_IRQHandler                     0x08000207   Thumb Code     0  startup_stm32g474xx.o(.text)
    COMP7_IRQHandler                         0x08000207   Thumb Code     0  startup_stm32g474xx.o(.text)
    CORDIC_IRQHandler                        0x08000207   Thumb Code     0  startup_stm32g474xx.o(.text)
    CRS_IRQHandler                           0x08000207   Thumb Code     0  startup_stm32g474xx.o(.text)
    DMA1_Channel5_IRQHandler                 0x08000207   Thumb Code     0  startup_stm32g474xx.o(.text)
    DMA1_Channel6_IRQHandler                 0x08000207   Thumb Code     0  startup_stm32g474xx.o(.text)
    DMA1_Channel7_IRQHandler                 0x08000207   Thumb Code     0  startup_stm32g474xx.o(.text)
    DMA1_Channel8_IRQHandler                 0x08000207   Thumb Code     0  startup_stm32g474xx.o(.text)
    DMA2_Channel1_IRQHandler                 0x08000207   Thumb Code     0  startup_stm32g474xx.o(.text)
    DMA2_Channel2_IRQHandler                 0x08000207   Thumb Code     0  startup_stm32g474xx.o(.text)
    DMA2_Channel3_IRQHandler                 0x08000207   Thumb Code     0  startup_stm32g474xx.o(.text)
    DMA2_Channel4_IRQHandler                 0x08000207   Thumb Code     0  startup_stm32g474xx.o(.text)
    DMA2_Channel5_IRQHandler                 0x08000207   Thumb Code     0  startup_stm32g474xx.o(.text)
    DMA2_Channel6_IRQHandler                 0x08000207   Thumb Code     0  startup_stm32g474xx.o(.text)
    DMA2_Channel7_IRQHandler                 0x08000207   Thumb Code     0  startup_stm32g474xx.o(.text)
    DMA2_Channel8_IRQHandler                 0x08000207   Thumb Code     0  startup_stm32g474xx.o(.text)
    DMAMUX_OVR_IRQHandler                    0x08000207   Thumb Code     0  startup_stm32g474xx.o(.text)
    EXTI0_IRQHandler                         0x08000207   Thumb Code     0  startup_stm32g474xx.o(.text)
    EXTI1_IRQHandler                         0x08000207   Thumb Code     0  startup_stm32g474xx.o(.text)
    EXTI2_IRQHandler                         0x08000207   Thumb Code     0  startup_stm32g474xx.o(.text)
    EXTI3_IRQHandler                         0x08000207   Thumb Code     0  startup_stm32g474xx.o(.text)
    EXTI4_IRQHandler                         0x08000207   Thumb Code     0  startup_stm32g474xx.o(.text)
    EXTI9_5_IRQHandler                       0x08000207   Thumb Code     0  startup_stm32g474xx.o(.text)
    FDCAN1_IT0_IRQHandler                    0x08000207   Thumb Code     0  startup_stm32g474xx.o(.text)
    FDCAN1_IT1_IRQHandler                    0x08000207   Thumb Code     0  startup_stm32g474xx.o(.text)
    FDCAN2_IT0_IRQHandler                    0x08000207   Thumb Code     0  startup_stm32g474xx.o(.text)
    FDCAN2_IT1_IRQHandler                    0x08000207   Thumb Code     0  startup_stm32g474xx.o(.text)
    FDCAN3_IT0_IRQHandler                    0x08000207   Thumb Code     0  startup_stm32g474xx.o(.text)
    FDCAN3_IT1_IRQHandler                    0x08000207   Thumb Code     0  startup_stm32g474xx.o(.text)
    FLASH_IRQHandler                         0x08000207   Thumb Code     0  startup_stm32g474xx.o(.text)
    FMAC_IRQHandler                          0x08000207   Thumb Code     0  startup_stm32g474xx.o(.text)
    FMC_IRQHandler                           0x08000207   Thumb Code     0  startup_stm32g474xx.o(.text)
    FPU_IRQHandler                           0x08000207   Thumb Code     0  startup_stm32g474xx.o(.text)
    HRTIM1_FLT_IRQHandler                    0x08000207   Thumb Code     0  startup_stm32g474xx.o(.text)
    HRTIM1_Master_IRQHandler                 0x08000207   Thumb Code     0  startup_stm32g474xx.o(.text)
    HRTIM1_TIMA_IRQHandler                   0x08000207   Thumb Code     0  startup_stm32g474xx.o(.text)
    HRTIM1_TIMB_IRQHandler                   0x08000207   Thumb Code     0  startup_stm32g474xx.o(.text)
    HRTIM1_TIMC_IRQHandler                   0x08000207   Thumb Code     0  startup_stm32g474xx.o(.text)
    HRTIM1_TIMD_IRQHandler                   0x08000207   Thumb Code     0  startup_stm32g474xx.o(.text)
    HRTIM1_TIME_IRQHandler                   0x08000207   Thumb Code     0  startup_stm32g474xx.o(.text)
    HRTIM1_TIMF_IRQHandler                   0x08000207   Thumb Code     0  startup_stm32g474xx.o(.text)
    I2C1_ER_IRQHandler                       0x08000207   Thumb Code     0  startup_stm32g474xx.o(.text)
    I2C1_EV_IRQHandler                       0x08000207   Thumb Code     0  startup_stm32g474xx.o(.text)
    I2C2_ER_IRQHandler                       0x08000207   Thumb Code     0  startup_stm32g474xx.o(.text)
    I2C2_EV_IRQHandler                       0x08000207   Thumb Code     0  startup_stm32g474xx.o(.text)
    I2C3_ER_IRQHandler                       0x08000207   Thumb Code     0  startup_stm32g474xx.o(.text)
    I2C3_EV_IRQHandler                       0x08000207   Thumb Code     0  startup_stm32g474xx.o(.text)
    I2C4_ER_IRQHandler                       0x08000207   Thumb Code     0  startup_stm32g474xx.o(.text)
    I2C4_EV_IRQHandler                       0x08000207   Thumb Code     0  startup_stm32g474xx.o(.text)
    LPTIM1_IRQHandler                        0x08000207   Thumb Code     0  startup_stm32g474xx.o(.text)
    LPUART1_IRQHandler                       0x08000207   Thumb Code     0  startup_stm32g474xx.o(.text)
    PVD_PVM_IRQHandler                       0x08000207   Thumb Code     0  startup_stm32g474xx.o(.text)
    QUADSPI_IRQHandler                       0x08000207   Thumb Code     0  startup_stm32g474xx.o(.text)
    RCC_IRQHandler                           0x08000207   Thumb Code     0  startup_stm32g474xx.o(.text)
    RNG_IRQHandler                           0x08000207   Thumb Code     0  startup_stm32g474xx.o(.text)
    RTC_Alarm_IRQHandler                     0x08000207   Thumb Code     0  startup_stm32g474xx.o(.text)
    RTC_TAMP_LSECSS_IRQHandler               0x08000207   Thumb Code     0  startup_stm32g474xx.o(.text)
    RTC_WKUP_IRQHandler                      0x08000207   Thumb Code     0  startup_stm32g474xx.o(.text)
    SAI1_IRQHandler                          0x08000207   Thumb Code     0  startup_stm32g474xx.o(.text)
    SPI1_IRQHandler                          0x08000207   Thumb Code     0  startup_stm32g474xx.o(.text)
    SPI2_IRQHandler                          0x08000207   Thumb Code     0  startup_stm32g474xx.o(.text)
    SPI3_IRQHandler                          0x08000207   Thumb Code     0  startup_stm32g474xx.o(.text)
    SPI4_IRQHandler                          0x08000207   Thumb Code     0  startup_stm32g474xx.o(.text)
    TIM1_BRK_TIM15_IRQHandler                0x08000207   Thumb Code     0  startup_stm32g474xx.o(.text)
    TIM1_CC_IRQHandler                       0x08000207   Thumb Code     0  startup_stm32g474xx.o(.text)
    TIM1_TRG_COM_TIM17_IRQHandler            0x08000207   Thumb Code     0  startup_stm32g474xx.o(.text)
    TIM1_UP_TIM16_IRQHandler                 0x08000207   Thumb Code     0  startup_stm32g474xx.o(.text)
    TIM20_BRK_IRQHandler                     0x08000207   Thumb Code     0  startup_stm32g474xx.o(.text)
    TIM20_CC_IRQHandler                      0x08000207   Thumb Code     0  startup_stm32g474xx.o(.text)
    TIM20_TRG_COM_IRQHandler                 0x08000207   Thumb Code     0  startup_stm32g474xx.o(.text)
    TIM20_UP_IRQHandler                      0x08000207   Thumb Code     0  startup_stm32g474xx.o(.text)
    TIM2_IRQHandler                          0x08000207   Thumb Code     0  startup_stm32g474xx.o(.text)
    TIM3_IRQHandler                          0x08000207   Thumb Code     0  startup_stm32g474xx.o(.text)
    TIM4_IRQHandler                          0x08000207   Thumb Code     0  startup_stm32g474xx.o(.text)
    TIM5_IRQHandler                          0x08000207   Thumb Code     0  startup_stm32g474xx.o(.text)
    TIM6_DAC_IRQHandler                      0x08000207   Thumb Code     0  startup_stm32g474xx.o(.text)
    TIM7_DAC_IRQHandler                      0x08000207   Thumb Code     0  startup_stm32g474xx.o(.text)
    TIM8_BRK_IRQHandler                      0x08000207   Thumb Code     0  startup_stm32g474xx.o(.text)
    TIM8_CC_IRQHandler                       0x08000207   Thumb Code     0  startup_stm32g474xx.o(.text)
    TIM8_TRG_COM_IRQHandler                  0x08000207   Thumb Code     0  startup_stm32g474xx.o(.text)
    TIM8_UP_IRQHandler                       0x08000207   Thumb Code     0  startup_stm32g474xx.o(.text)
    UART4_IRQHandler                         0x08000207   Thumb Code     0  startup_stm32g474xx.o(.text)
    UART5_IRQHandler                         0x08000207   Thumb Code     0  startup_stm32g474xx.o(.text)
    UCPD1_IRQHandler                         0x08000207   Thumb Code     0  startup_stm32g474xx.o(.text)
    USART1_IRQHandler                        0x08000207   Thumb Code     0  startup_stm32g474xx.o(.text)
    USART2_IRQHandler                        0x08000207   Thumb Code     0  startup_stm32g474xx.o(.text)
    USART3_IRQHandler                        0x08000207   Thumb Code     0  startup_stm32g474xx.o(.text)
    USBWakeUp_IRQHandler                     0x08000207   Thumb Code     0  startup_stm32g474xx.o(.text)
    USB_HP_IRQHandler                        0x08000207   Thumb Code     0  startup_stm32g474xx.o(.text)
    USB_LP_IRQHandler                        0x08000207   Thumb Code     0  startup_stm32g474xx.o(.text)
    WWDG_IRQHandler                          0x08000207   Thumb Code     0  startup_stm32g474xx.o(.text)
    __aeabi_uldivmod                         0x08000211   Thumb Code    98  uldiv.o(.text)
    __aeabi_memset                           0x08000273   Thumb Code    14  memseta.o(.text)
    __aeabi_memset4                          0x08000273   Thumb Code     0  memseta.o(.text)
    __aeabi_memset8                          0x08000273   Thumb Code     0  memseta.o(.text)
    __aeabi_memclr                           0x08000281   Thumb Code     4  memseta.o(.text)
    __aeabi_memclr4                          0x08000281   Thumb Code     0  memseta.o(.text)
    __aeabi_memclr8                          0x08000281   Thumb Code     0  memseta.o(.text)
    _memset$wrapper                          0x08000285   Thumb Code    18  memseta.o(.text)
    __aeabi_dadd                             0x08000297   Thumb Code   322  dadd.o(.text)
    __aeabi_dsub                             0x080003d9   Thumb Code     6  dadd.o(.text)
    __aeabi_drsub                            0x080003df   Thumb Code     6  dadd.o(.text)
    __aeabi_dmul                             0x080003e5   Thumb Code   228  dmul.o(.text)
    __aeabi_ddiv                             0x080004c9   Thumb Code   222  ddiv.o(.text)
    __aeabi_f2d                              0x080005a7   Thumb Code    38  f2d.o(.text)
    __aeabi_d2f                              0x080005cd   Thumb Code    56  d2f.o(.text)
    __aeabi_llsl                             0x08000605   Thumb Code    30  llshl.o(.text)
    _ll_shift_l                              0x08000605   Thumb Code     0  llshl.o(.text)
    __aeabi_llsr                             0x08000623   Thumb Code    32  llushr.o(.text)
    _ll_ushift_r                             0x08000623   Thumb Code     0  llushr.o(.text)
    __aeabi_lasr                             0x08000643   Thumb Code    36  llsshr.o(.text)
    _ll_sshift_r                             0x08000643   Thumb Code     0  llsshr.o(.text)
    __I$use$fp                               0x08000667   Thumb Code     0  iusefp.o(.text)
    _float_round                             0x08000667   Thumb Code    18  fepilogue.o(.text)
    _float_epilogue                          0x08000679   Thumb Code    92  fepilogue.o(.text)
    _double_round                            0x080006d5   Thumb Code    30  depilogue.o(.text)
    _double_epilogue                         0x080006f3   Thumb Code   156  depilogue.o(.text)
    _drem                                    0x0800078f   Thumb Code   134  drem.o(.text)
    __scatterload                            0x08000815   Thumb Code    28  init.o(.text)
    __scatterload_rt2                        0x08000815   Thumb Code     0  init.o(.text)
    __aeabi_i2d                              0x08000839   Thumb Code    34  dflti.o(.text)
    __aeabi_ui2d                             0x0800085b   Thumb Code    26  dfltui.o(.text)
    __aeabi_d2iz                             0x08000875   Thumb Code    62  dfixi.o(.text)
    ABZ_GetAngle2PI                          0x080008b5   Thumb Code    60  abz.o(.text.ABZ_GetAngle2PI)
    ABZ_Get_Speed                            0x080008f1   Thumb Code   248  abz.o(.text.ABZ_Get_Speed)
    ABZ_Set_Speed                            0x080009e9   Thumb Code   196  foc.o(.text.ABZ_Set_Speed)
    ADC_Filter_Init                          0x08000aad   Thumb Code    18  lowpass_filter.o(.text.ADC_Filter_Init)
    BusFault_Handler                         0x08000ac1   Thumb Code     2  stm32g4xx_it.o(.text.BusFault_Handler)
    DMA1_Channel1_IRQHandler                 0x08000ac5   Thumb Code    12  stm32g4xx_it.o(.text.DMA1_Channel1_IRQHandler)
    DMA1_Channel2_IRQHandler                 0x08000ad1   Thumb Code    12  stm32g4xx_it.o(.text.DMA1_Channel2_IRQHandler)
    DMA1_Channel3_IRQHandler                 0x08000add   Thumb Code    12  stm32g4xx_it.o(.text.DMA1_Channel3_IRQHandler)
    DMA1_Channel4_IRQHandler                 0x08000ae9   Thumb Code    12  stm32g4xx_it.o(.text.DMA1_Channel4_IRQHandler)
    DebugMon_Handler                         0x08000af5   Thumb Code     2  stm32g4xx_it.o(.text.DebugMon_Handler)
    EXTI15_10_IRQHandler                     0x08000af9   Thumb Code     8  stm32g4xx_it.o(.text.EXTI15_10_IRQHandler)
    Error_Handler                            0x08000b01   Thumb Code    10  main.o(.text.Error_Handler)
    FOC_ABZ_Init                             0x08000b11   Thumb Code   192  foc.o(.text.FOC_ABZ_Init)
    FOC_Init                                 0x08000bd1   Thumb Code    16  foc.o(.text.FOC_Init)
    HAL_ADCEx_MultiModeConfigChannel         0x08000be1   Thumb Code   308  stm32g4xx_hal_adc_ex.o(.text.HAL_ADCEx_MultiModeConfigChannel)
    HAL_ADC_ConfigChannel                    0x08000d15   Thumb Code  1000  stm32g4xx_hal_adc.o(.text.HAL_ADC_ConfigChannel)
    HAL_ADC_Init                             0x080010fd   Thumb Code   636  stm32g4xx_hal_adc.o(.text.HAL_ADC_Init)
    HAL_ADC_MspInit                          0x08001379   Thumb Code   596  adc.o(.text.HAL_ADC_MspInit)
    HAL_DMA_IRQHandler                       0x080015cd   Thumb Code   170  stm32g4xx_hal_dma.o(.text.HAL_DMA_IRQHandler)
    HAL_DMA_Init                             0x08001679   Thumb Code   298  stm32g4xx_hal_dma.o(.text.HAL_DMA_Init)
    HAL_Delay                                0x080017a5   Thumb Code    40  stm32g4xx_hal.o(.text.HAL_Delay)
    HAL_FDCAN_Init                           0x080017cd   Thumb Code   596  stm32g4xx_hal_fdcan.o(.text.HAL_FDCAN_Init)
    HAL_FDCAN_MspInit                        0x08001a21   Thumb Code   276  fdcan.o(.text.HAL_FDCAN_MspInit)
    HAL_GPIO_EXTI_Callback                   0x08001b35   Thumb Code     2  stm32g4xx_hal_gpio.o(.text.HAL_GPIO_EXTI_Callback)
    HAL_GPIO_EXTI_IRQHandler                 0x08001b39   Thumb Code    22  stm32g4xx_hal_gpio.o(.text.HAL_GPIO_EXTI_IRQHandler)
    HAL_GPIO_Init                            0x08001b51   Thumb Code   474  stm32g4xx_hal_gpio.o(.text.HAL_GPIO_Init)
    HAL_GPIO_WritePin                        0x08001d2d   Thumb Code    12  stm32g4xx_hal_gpio.o(.text.HAL_GPIO_WritePin)
    HAL_GetTick                              0x08001d39   Thumb Code    12  stm32g4xx_hal.o(.text.HAL_GetTick)
    HAL_I2CEx_ConfigAnalogFilter             0x08001d45   Thumb Code    74  stm32g4xx_hal_i2c_ex.o(.text.HAL_I2CEx_ConfigAnalogFilter)
    HAL_I2CEx_ConfigDigitalFilter            0x08001d91   Thumb Code    72  stm32g4xx_hal_i2c_ex.o(.text.HAL_I2CEx_ConfigDigitalFilter)
    HAL_I2C_Init                             0x08001dd9   Thumb Code   174  stm32g4xx_hal_i2c.o(.text.HAL_I2C_Init)
    HAL_I2C_MspInit                          0x08001e89   Thumb Code   248  i2c.o(.text.HAL_I2C_MspInit)
    HAL_IncTick                              0x08001f81   Thumb Code    26  stm32g4xx_hal.o(.text.HAL_IncTick)
    HAL_Init                                 0x08001f9d   Thumb Code    30  stm32g4xx_hal.o(.text.HAL_Init)
    HAL_InitTick                             0x08001fbd   Thumb Code    76  stm32g4xx_hal.o(.text.HAL_InitTick)
    HAL_MspInit                              0x08002009   Thumb Code    52  stm32g4xx_hal_msp.o(.text.HAL_MspInit)
    HAL_NVIC_EnableIRQ                       0x0800203d   Thumb Code    32  stm32g4xx_hal_cortex.o(.text.HAL_NVIC_EnableIRQ)
    HAL_NVIC_SetPriority                     0x0800205d   Thumb Code    86  stm32g4xx_hal_cortex.o(.text.HAL_NVIC_SetPriority)
    HAL_NVIC_SetPriorityGrouping             0x080020b5   Thumb Code    32  stm32g4xx_hal_cortex.o(.text.HAL_NVIC_SetPriorityGrouping)
    HAL_PWREx_ControlVoltageScaling          0x080020d5   Thumb Code   294  stm32g4xx_hal_pwr_ex.o(.text.HAL_PWREx_ControlVoltageScaling)
    HAL_PWREx_DisableUCPDDeadBattery         0x080021fd   Thumb Code    18  stm32g4xx_hal_pwr_ex.o(.text.HAL_PWREx_DisableUCPDDeadBattery)
    HAL_RCCEx_PeriphCLKConfig                0x08002211   Thumb Code   726  stm32g4xx_hal_rcc_ex.o(.text.HAL_RCCEx_PeriphCLKConfig)
    HAL_RCC_ClockConfig                      0x080024e9   Thumb Code   788  stm32g4xx_hal_rcc.o(.text.HAL_RCC_ClockConfig)
    HAL_RCC_GetPCLK1Freq                     0x080027fd   Thumb Code    42  stm32g4xx_hal_rcc.o(.text.HAL_RCC_GetPCLK1Freq)
    HAL_RCC_GetPCLK2Freq                     0x08002829   Thumb Code    42  stm32g4xx_hal_rcc.o(.text.HAL_RCC_GetPCLK2Freq)
    HAL_RCC_GetSysClockFreq                  0x08002855   Thumb Code   122  stm32g4xx_hal_rcc.o(.text.HAL_RCC_GetSysClockFreq)
    HAL_RCC_OscConfig                        0x080028d1   Thumb Code  1194  stm32g4xx_hal_rcc.o(.text.HAL_RCC_OscConfig)
    HAL_SYSTICK_Config                       0x08002d7d   Thumb Code    44  stm32g4xx_hal_cortex.o(.text.HAL_SYSTICK_Config)
    HAL_TIMEx_ConfigBreakDeadTime            0x08002da9   Thumb Code   212  stm32g4xx_hal_tim_ex.o(.text.HAL_TIMEx_ConfigBreakDeadTime)
    HAL_TIMEx_ConfigEncoderIndex             0x08002e7d   Thumb Code    78  stm32g4xx_hal_tim_ex.o(.text.HAL_TIMEx_ConfigEncoderIndex)
    HAL_TIMEx_EnableEncoderIndex             0x08002ecd   Thumb Code    14  stm32g4xx_hal_tim_ex.o(.text.HAL_TIMEx_EnableEncoderIndex)
    HAL_TIMEx_MasterConfigSynchronization    0x08002edd   Thumb Code   222  stm32g4xx_hal_tim_ex.o(.text.HAL_TIMEx_MasterConfigSynchronization)
    HAL_TIMEx_PWMN_Start                     0x08002fbd   Thumb Code   274  stm32g4xx_hal_tim_ex.o(.text.HAL_TIMEx_PWMN_Start)
    HAL_TIM_Base_Init                        0x080030d1   Thumb Code    98  stm32g4xx_hal_tim.o(.text.HAL_TIM_Base_Init)
    HAL_TIM_Base_MspInit                     0x08003135   Thumb Code    90  tim.o(.text.HAL_TIM_Base_MspInit)
    HAL_TIM_ConfigClockSource                0x08003191   Thumb Code   544  stm32g4xx_hal_tim.o(.text.HAL_TIM_ConfigClockSource)
    HAL_TIM_Encoder_Init                     0x080033b1   Thumb Code   182  stm32g4xx_hal_tim.o(.text.HAL_TIM_Encoder_Init)
    HAL_TIM_Encoder_MspInit                  0x08003469   Thumb Code   344  tim.o(.text.HAL_TIM_Encoder_MspInit)
    HAL_TIM_Encoder_Start                    0x080035c1   Thumb Code   188  stm32g4xx_hal_tim.o(.text.HAL_TIM_Encoder_Start)
    HAL_TIM_MspPostInit                      0x0800367d   Thumb Code   224  tim.o(.text.HAL_TIM_MspPostInit)
    HAL_TIM_PWM_ConfigChannel                0x0800375d   Thumb Code  1024  stm32g4xx_hal_tim.o(.text.HAL_TIM_PWM_ConfigChannel)
    HAL_TIM_PWM_Init                         0x08003b5d   Thumb Code    98  stm32g4xx_hal_tim.o(.text.HAL_TIM_PWM_Init)
    HAL_TIM_PWM_MspInit                      0x08003bc1   Thumb Code     2  stm32g4xx_hal_tim.o(.text.HAL_TIM_PWM_MspInit)
    HAL_TIM_PWM_Start                        0x08003bc5   Thumb Code   414  stm32g4xx_hal_tim.o(.text.HAL_TIM_PWM_Start)
    HAL_UARTEx_DisableFifoMode               0x08003d65   Thumb Code    54  stm32g4xx_hal_uart_ex.o(.text.HAL_UARTEx_DisableFifoMode)
    HAL_UARTEx_SetRxFifoThreshold            0x08003d9d   Thumb Code   140  stm32g4xx_hal_uart_ex.o(.text.HAL_UARTEx_SetRxFifoThreshold)
    HAL_UARTEx_SetTxFifoThreshold            0x08003e29   Thumb Code   140  stm32g4xx_hal_uart_ex.o(.text.HAL_UARTEx_SetTxFifoThreshold)
    HAL_UART_Init                            0x08003eb5   Thumb Code   100  stm32g4xx_hal_uart.o(.text.HAL_UART_Init)
    HAL_UART_MspInit                         0x08003f19   Thumb Code   418  usart.o(.text.HAL_UART_MspInit)
    HardFault_Handler                        0x080040bd   Thumb Code     2  stm32g4xx_it.o(.text.HardFault_Handler)
    LowPass_Filter                           0x080040c1   Thumb Code    48  lowpass_filter.o(.text.LowPass_Filter)
    MX_ADC1_Init                             0x080040f1   Thumb Code   246  adc.o(.text.MX_ADC1_Init)
    MX_ADC2_Init                             0x080041e9   Thumb Code   214  adc.o(.text.MX_ADC2_Init)
    MX_ADC3_Init                             0x080042c1   Thumb Code   176  adc.o(.text.MX_ADC3_Init)
    MX_DMA_Init                              0x08004371   Thumb Code   118  dma.o(.text.MX_DMA_Init)
    MX_FDCAN1_Init                           0x080043e9   Thumb Code    80  fdcan.o(.text.MX_FDCAN1_Init)
    MX_FDCAN2_Init                           0x08004439   Thumb Code    80  fdcan.o(.text.MX_FDCAN2_Init)
    MX_GPIO_Init                             0x08004489   Thumb Code   234  gpio.o(.text.MX_GPIO_Init)
    MX_I2C1_Init                             0x08004575   Thumb Code   118  i2c.o(.text.MX_I2C1_Init)
    MX_I2C2_Init                             0x080045ed   Thumb Code   118  i2c.o(.text.MX_I2C2_Init)
    MX_LPUART1_UART_Init                     0x08004665   Thumb Code   132  usart.o(.text.MX_LPUART1_UART_Init)
    MX_TIM1_Init                             0x080046e9   Thumb Code   382  tim.o(.text.MX_TIM1_Init)
    MX_TIM2_Init                             0x08004869   Thumb Code   156  tim.o(.text.MX_TIM2_Init)
    MX_TIM3_Init                             0x08004905   Thumb Code   160  tim.o(.text.MX_TIM3_Init)
    MX_TIM8_Init                             0x080049a5   Thumb Code   330  tim.o(.text.MX_TIM8_Init)
    MX_USART1_UART_Init                      0x08004af1   Thumb Code   130  usart.o(.text.MX_USART1_UART_Init)
    MX_USART3_UART_Init                      0x08004b75   Thumb Code   130  usart.o(.text.MX_USART3_UART_Init)
    MemManage_Handler                        0x08004bf9   Thumb Code     2  stm32g4xx_it.o(.text.MemManage_Handler)
    Moment_limiting                          0x08004bfd   Thumb Code   140  control.o(.text.Moment_limiting)
    NMI_Handler                              0x08004c89   Thumb Code     2  stm32g4xx_it.o(.text.NMI_Handler)
    PID_init                                 0x08004c8d   Thumb Code   122  pid.o(.text.PID_init)
    PendSV_Handler                           0x08004d09   Thumb Code     2  stm32g4xx_it.o(.text.PendSV_Handler)
    SVC_Handler                              0x08004d0d   Thumb Code     2  stm32g4xx_it.o(.text.SVC_Handler)
    Speed_Control                            0x08004d11   Thumb Code   128  control.o(.text.Speed_Control)
    SysTick_Handler                          0x08004d91   Thumb Code     4  stm32g4xx_it.o(.text.SysTick_Handler)
    SystemInit                               0x08004d95   Thumb Code    18  system_stm32g4xx.o(.text.SystemInit)
    TIM2_M1_ABZ                              0x08004da9   Thumb Code    28  abz.o(.text.TIM2_M1_ABZ)
    TIM3_M2_ABZ                              0x08004dc5   Thumb Code    28  abz.o(.text.TIM3_M2_ABZ)
    TIM_Base_SetConfig                       0x08004de1   Thumb Code   332  stm32g4xx_hal_tim.o(.text.TIM_Base_SetConfig)
    TIM_ETR_SetConfig                        0x08004f2d   Thumb Code    22  stm32g4xx_hal_tim.o(.text.TIM_ETR_SetConfig)
    UART_AdvFeatureConfig                    0x08004f45   Thumb Code   232  stm32g4xx_hal_uart.o(.text.UART_AdvFeatureConfig)
    UART_CheckIdleState                      0x0800502d   Thumb Code   366  stm32g4xx_hal_uart.o(.text.UART_CheckIdleState)
    UART_SetConfig                           0x0800519d   Thumb Code   688  stm32g4xx_hal_uart.o(.text.UART_SetConfig)
    UART_WaitOnFlagUntilTimeout              0x0800545d   Thumb Code   840  stm32g4xx_hal_uart.o(.text.UART_WaitOnFlagUntilTimeout)
    UsageFault_Handler                       0x080057a5   Thumb Code     2  stm32g4xx_it.o(.text.UsageFault_Handler)
    main                                     0x080057a9   Thumb Code   290  main.o(.text.main)
    setTorque                                0x080058d1   Thumb Code   812  foc.o(.text.setTorque)
    __ARM_fpclassify                         0x08005bfd   Thumb Code    48  fpclassify.o(i.__ARM_fpclassify)
    __hardfp_cos                             0x08005c31   Thumb Code   180  cos.o(i.__hardfp_cos)
    __hardfp_fmod                            0x08005cf9   Thumb Code   254  fmod.o(i.__hardfp_fmod)
    __hardfp_sin                             0x08005e01   Thumb Code   180  sin.o(i.__hardfp_sin)
    __ieee754_rem_pio2                       0x08005ec9   Thumb Code   938  rred.o(i.__ieee754_rem_pio2)
    __kernel_cos                             0x08006301   Thumb Code   322  cos_i.o(i.__kernel_cos)
    __kernel_poly                            0x08006471   Thumb Code   248  poly.o(i.__kernel_poly)
    __kernel_sin                             0x08006569   Thumb Code   280  sin_i.o(i.__kernel_sin)
    __mathlib_dbl_infnan                     0x08006699   Thumb Code    20  dunder.o(i.__mathlib_dbl_infnan)
    __mathlib_dbl_invalid                    0x080066b1   Thumb Code    24  dunder.o(i.__mathlib_dbl_invalid)
    __mathlib_dbl_underflow                  0x080066d1   Thumb Code    24  dunder.o(i.__mathlib_dbl_underflow)
    __scatterload_copy                       0x080066f1   Thumb Code    14  handlers.o(i.__scatterload_copy)
    __scatterload_null                       0x080066ff   Thumb Code     2  handlers.o(i.__scatterload_null)
    __scatterload_zeroinit                   0x08006701   Thumb Code    14  handlers.o(i.__scatterload_zeroinit)
    __set_errno                              0x08006711   Thumb Code     6  errno.o(i.__set_errno)
    fabs                                     0x0800671d   Thumb Code    24  fabs.o(i.fabs)
    AHBPrescTable                            0x08006860   Data          16  system_stm32g4xx.o(.rodata.AHBPrescTable)
    APBPrescTable                            0x08006870   Data           8  system_stm32g4xx.o(.rodata.APBPrescTable)
    UARTPrescTable                           0x08006878   Data          24  stm32g4xx_hal_uart.o(.rodata.UARTPrescTable)
    Region$$Table$$Base                      0x080068b0   Number         0  anon$$obj.o(Region$$Table)
    Region$$Table$$Limit                     0x080068d0   Number         0  anon$$obj.o(Region$$Table)
    PP                                       0x20000004   Data           4  main.o(.data..L_MergedGlobals)
    DIR                                      0x20000008   Data           4  main.o(.data..L_MergedGlobals)
    voltage_power_supply                     0x2000000c   Data           4  main.o(.data..L_MergedGlobals)
    uwTickPrio                               0x20000010   Data           4  stm32g4xx_hal.o(.data..L_MergedGlobals)
    uwTickFreq                               0x20000014   Data           4  stm32g4xx_hal.o(.data..L_MergedGlobals)
    SystemCoreClock                          0x20000018   Data           4  system_stm32g4xx.o(.data.SystemCoreClock)
    voltage_limit                            0x2000001c   Data           4  main.o(.data.voltage_limit)
    Angle_Out                                0x20000020   Data           4  control.o(.bss..L_MergedGlobals)
    Speed_Out                                0x20000024   Data           4  control.o(.bss..L_MergedGlobals)
    Current_Out                              0x20000028   Data           4  control.o(.bss..L_MergedGlobals)
    pid_angle                                0x2000002c   Data          36  pid.o(.bss..L_MergedGlobals)
    pid_speed                                0x20000050   Data          36  pid.o(.bss..L_MergedGlobals)
    pid_current                              0x20000074   Data          36  pid.o(.bss..L_MergedGlobals)
    ABZ_encoder_count                        0x20000098   Data           4  abz.o(.bss..L_MergedGlobals)
    ABZ_prev_encoder_count                   0x2000009c   Data           4  abz.o(.bss..L_MergedGlobals)
    debug_ABZ_encoder_count                  0x200000a0   Data           4  abz.o(.bss..L_MergedGlobals)
    ABZ_val                                  0x200000a4   Data           4  abz.o(.bss..L_MergedGlobals)
    ABZ_current_angle                        0x200000a8   Data           4  abz.o(.bss..L_MergedGlobals)
    ABZ_full_rotations                       0x200000ac   Data           4  abz.o(.bss..L_MergedGlobals)
    ABZ_full_rotations_Debug                 0x200000b0   Data           4  abz.o(.bss..L_MergedGlobals)
    ABZvel                                   0x200000b4   Data           4  abz.o(.bss..L_MergedGlobals)
    ABZ_angle_prev_ts                        0x200000b8   Data           4  abz.o(.bss..L_MergedGlobals)
    ABZ_vel_angle_prev_ts                    0x200000bc   Data           4  abz.o(.bss..L_MergedGlobals)
    ABZ_Ts                                   0x200000c0   Data           4  abz.o(.bss..L_MergedGlobals)
    ABZ_angle_prev_Velocity                  0x200000c4   Data           4  abz.o(.bss..L_MergedGlobals)
    ABZ_vel_angle_prev_Velocity              0x200000c8   Data           4  abz.o(.bss..L_MergedGlobals)
    ABZ_vel_M0_flit                          0x200000cc   Data           4  abz.o(.bss..L_MergedGlobals)
    adc3_value                               0x200000d0   Data           4  adc.o(.bss..L_MergedGlobals)
    adc1_value                               0x200000d8   Data          12  adc.o(.bss..L_MergedGlobals)
    adc2_value                               0x200000e4   Data          12  adc.o(.bss..L_MergedGlobals)
    ABZ_Sensor_Speed                         0x200000f0   Data           4  main.o(.bss.ABZ_Sensor_Speed)
    Ua                                       0x200000f8   Data           4  main.o(.bss.Ua)
    Ualpha                                   0x200000fc   Data           4  main.o(.bss.Ualpha)
    Ub                                       0x20000100   Data           4  main.o(.bss.Ub)
    Ubeta                                    0x20000104   Data           4  main.o(.bss.Ubeta)
    Uc                                       0x20000108   Data           4  main.o(.bss.Uc)
    adc1_filter_Ia                           0x2000010c   Data          28  lowpass_filter.o(.bss.adc1_filter_Ia)
    adc1_filter_Ib                           0x20000128   Data          28  lowpass_filter.o(.bss.adc1_filter_Ib)
    adc1_filter_Ic                           0x20000144   Data          28  lowpass_filter.o(.bss.adc1_filter_Ic)
    dc_a                                     0x20000160   Data           4  main.o(.bss.dc_a)
    dc_b                                     0x20000164   Data           4  main.o(.bss.dc_b)
    dc_c                                     0x20000168   Data           4  main.o(.bss.dc_c)
    hadc1                                    0x2000016c   Data         108  adc.o(.bss.hadc1)
    hadc2                                    0x200001d8   Data         108  adc.o(.bss.hadc2)
    hadc3                                    0x20000244   Data         108  adc.o(.bss.hadc3)
    hdma_adc1                                0x200002b0   Data          96  adc.o(.bss.hdma_adc1)
    hdma_adc2                                0x20000310   Data          96  adc.o(.bss.hdma_adc2)
    hdma_adc3                                0x20000370   Data          96  adc.o(.bss.hdma_adc3)
    hdma_usart1_tx                           0x200003d0   Data          96  usart.o(.bss.hdma_usart1_tx)
    hfdcan1                                  0x20000430   Data         100  fdcan.o(.bss.hfdcan1)
    hfdcan2                                  0x20000494   Data         100  fdcan.o(.bss.hfdcan2)
    hi2c1                                    0x200004f8   Data          84  i2c.o(.bss.hi2c1)
    hi2c2                                    0x2000054c   Data          84  i2c.o(.bss.hi2c2)
    hlpuart1                                 0x200005a0   Data         148  usart.o(.bss.hlpuart1)
    htim1                                    0x20000634   Data          76  tim.o(.bss.htim1)
    htim2                                    0x20000680   Data          76  tim.o(.bss.htim2)
    htim3                                    0x200006cc   Data          76  tim.o(.bss.htim3)
    htim8                                    0x20000718   Data          76  tim.o(.bss.htim8)
    huart1                                   0x20000764   Data         148  usart.o(.bss.huart1)
    huart3                                   0x200007f8   Data         148  usart.o(.bss.huart3)
    uwTick                                   0x2000088c   Data           4  stm32g4xx_hal.o(.bss.uwTick)
    y_prev                                   0x20000890   Data           4  lowpass_filter.o(.bss.y_prev)
    zero_electric_angle                      0x20000894   Data           4  main.o(.bss.zero_electric_angle)
    __initial_sp                             0x20000c98   Data           0  startup_stm32g474xx.o(STACK)



==============================================================================

Memory Map of the image

  Image Entry point : 0x080001d9

  Load Region LR_IROM1 (Base: 0x08000000, Size: 0x000068f0, Max: 0x00080000, ABSOLUTE)

    Execution Region ER_IROM1 (Exec base: 0x08000000, Load base: 0x08000000, Size: 0x000068d0, Max: 0x00080000, ABSOLUTE)

    Exec Addr    Load Addr    Size         Type   Attr      Idx    E Section Name        Object

    0x08000000   0x08000000   0x000001d8   Data   RO            3    RESET               startup_stm32g474xx.o
    0x080001d8   0x080001d8   0x00000000   Code   RO         1933  * .ARM.Collect$$$$00000000  mc_w.l(entry.o)
    0x080001d8   0x080001d8   0x00000004   Code   RO         2236    .ARM.Collect$$$$00000001  mc_w.l(entry2.o)
    0x080001dc   0x080001dc   0x00000004   Code   RO         2239    .ARM.Collect$$$$00000004  mc_w.l(entry5.o)
    0x080001e0   0x080001e0   0x00000000   Code   RO         2241    .ARM.Collect$$$$00000008  mc_w.l(entry7b.o)
    0x080001e0   0x080001e0   0x00000000   Code   RO         2243    .ARM.Collect$$$$0000000A  mc_w.l(entry8b.o)
    0x080001e0   0x080001e0   0x00000008   Code   RO         2244    .ARM.Collect$$$$0000000B  mc_w.l(entry9a.o)
    0x080001e8   0x080001e8   0x00000000   Code   RO         2246    .ARM.Collect$$$$0000000D  mc_w.l(entry10a.o)
    0x080001e8   0x080001e8   0x00000000   Code   RO         2248    .ARM.Collect$$$$0000000F  mc_w.l(entry11a.o)
    0x080001e8   0x080001e8   0x00000004   Code   RO         2237    .ARM.Collect$$$$00002712  mc_w.l(entry2.o)
    0x080001ec   0x080001ec   0x00000024   Code   RO            4    .text               startup_stm32g474xx.o
    0x08000210   0x08000210   0x00000062   Code   RO         1936    .text               mc_w.l(uldiv.o)
    0x08000272   0x08000272   0x00000024   Code   RO         1938    .text               mc_w.l(memseta.o)
    0x08000296   0x08000296   0x0000014e   Code   RO         2201    .text               mf_w.l(dadd.o)
    0x080003e4   0x080003e4   0x000000e4   Code   RO         2203    .text               mf_w.l(dmul.o)
    0x080004c8   0x080004c8   0x000000de   Code   RO         2205    .text               mf_w.l(ddiv.o)
    0x080005a6   0x080005a6   0x00000026   Code   RO         2207    .text               mf_w.l(f2d.o)
    0x080005cc   0x080005cc   0x00000038   Code   RO         2209    .text               mf_w.l(d2f.o)
    0x08000604   0x08000604   0x0000001e   Code   RO         2266    .text               mc_w.l(llshl.o)
    0x08000622   0x08000622   0x00000020   Code   RO         2268    .text               mc_w.l(llushr.o)
    0x08000642   0x08000642   0x00000024   Code   RO         2270    .text               mc_w.l(llsshr.o)
    0x08000666   0x08000666   0x00000000   Code   RO         2279    .text               mc_w.l(iusefp.o)
    0x08000666   0x08000666   0x0000006e   Code   RO         2280    .text               mf_w.l(fepilogue.o)
    0x080006d4   0x080006d4   0x000000ba   Code   RO         2282    .text               mf_w.l(depilogue.o)
    0x0800078e   0x0800078e   0x00000086   Code   RO         2286    .text               mf_w.l(drem.o)
    0x08000814   0x08000814   0x00000024   Code   RO         2302    .text               mc_w.l(init.o)
    0x08000838   0x08000838   0x00000022   Code   RO         2306    .text               mf_w.l(dflti.o)
    0x0800085a   0x0800085a   0x0000001a   Code   RO         2308    .text               mf_w.l(dfltui.o)
    0x08000874   0x08000874   0x0000003e   Code   RO         2310    .text               mf_w.l(dfixi.o)
    0x080008b2   0x080008b2   0x00000002   PAD
    0x080008b4   0x080008b4   0x0000003c   Code   RO          137    .text.ABZ_GetAngle2PI  abz.o
    0x080008f0   0x080008f0   0x000000f8   Code   RO          143    .text.ABZ_Get_Speed  abz.o
    0x080009e8   0x080009e8   0x000000c4   Code   RO           75    .text.ABZ_Set_Speed  foc.o
    0x08000aac   0x08000aac   0x00000012   Code   RO          103    .text.ADC_Filter_Init  lowpass_filter.o
    0x08000abe   0x08000abe   0x00000002   PAD
    0x08000ac0   0x08000ac0   0x00000002   Code   RO          360    .text.BusFault_Handler  stm32g4xx_it.o
    0x08000ac2   0x08000ac2   0x00000002   PAD
    0x08000ac4   0x08000ac4   0x0000000c   Code   RO          372    .text.DMA1_Channel1_IRQHandler  stm32g4xx_it.o
    0x08000ad0   0x08000ad0   0x0000000c   Code   RO          374    .text.DMA1_Channel2_IRQHandler  stm32g4xx_it.o
    0x08000adc   0x08000adc   0x0000000c   Code   RO          376    .text.DMA1_Channel3_IRQHandler  stm32g4xx_it.o
    0x08000ae8   0x08000ae8   0x0000000c   Code   RO          378    .text.DMA1_Channel4_IRQHandler  stm32g4xx_it.o
    0x08000af4   0x08000af4   0x00000002   Code   RO          366    .text.DebugMon_Handler  stm32g4xx_it.o
    0x08000af6   0x08000af6   0x00000002   PAD
    0x08000af8   0x08000af8   0x00000008   Code   RO          380    .text.EXTI15_10_IRQHandler  stm32g4xx_it.o
    0x08000b00   0x08000b00   0x0000000a   Code   RO          164    .text.Error_Handler  main.o
    0x08000b0a   0x08000b0a   0x00000006   PAD
    0x08000b10   0x08000b10   0x000000c0   Code   RO           69    .text.FOC_ABZ_Init  foc.o
    0x08000bd0   0x08000bd0   0x00000010   Code   RO           65    .text.FOC_Init      foc.o
    0x08000be0   0x08000be0   0x00000134   Code   RO          509    .text.HAL_ADCEx_MultiModeConfigChannel  stm32g4xx_hal_adc_ex.o
    0x08000d14   0x08000d14   0x000003e8   Code   RO          449    .text.HAL_ADC_ConfigChannel  stm32g4xx_hal_adc.o
    0x080010fc   0x080010fc   0x0000027c   Code   RO          397    .text.HAL_ADC_Init  stm32g4xx_hal_adc.o
    0x08001378   0x08001378   0x00000254   Code   RO          229    .text.HAL_ADC_MspInit  adc.o
    0x080015cc   0x080015cc   0x000000aa   Code   RO          835    .text.HAL_DMA_IRQHandler  stm32g4xx_hal_dma.o
    0x08001676   0x08001676   0x00000002   PAD
    0x08001678   0x08001678   0x0000012a   Code   RO          821    .text.HAL_DMA_Init  stm32g4xx_hal_dma.o
    0x080017a2   0x080017a2   0x00000002   PAD
    0x080017a4   0x080017a4   0x00000028   Code   RO          548    .text.HAL_Delay     stm32g4xx_hal.o
    0x080017cc   0x080017cc   0x00000254   Code   RO         1039    .text.HAL_FDCAN_Init  stm32g4xx_hal_fdcan.o
    0x08001a20   0x08001a20   0x00000114   Code   RO          269    .text.HAL_FDCAN_MspInit  fdcan.o
    0x08001b34   0x08001b34   0x00000002   Code   RO          785    .text.HAL_GPIO_EXTI_Callback  stm32g4xx_hal_gpio.o
    0x08001b36   0x08001b36   0x00000002   PAD
    0x08001b38   0x08001b38   0x00000016   Code   RO          783    .text.HAL_GPIO_EXTI_IRQHandler  stm32g4xx_hal_gpio.o
    0x08001b4e   0x08001b4e   0x00000002   PAD
    0x08001b50   0x08001b50   0x000001da   Code   RO          771    .text.HAL_GPIO_Init  stm32g4xx_hal_gpio.o
    0x08001d2a   0x08001d2a   0x00000002   PAD
    0x08001d2c   0x08001d2c   0x0000000c   Code   RO          777    .text.HAL_GPIO_WritePin  stm32g4xx_hal_gpio.o
    0x08001d38   0x08001d38   0x0000000c   Code   RO          540    .text.HAL_GetTick   stm32g4xx_hal.o
    0x08001d44   0x08001d44   0x0000004a   Code   RO         1322    .text.HAL_I2CEx_ConfigAnalogFilter  stm32g4xx_hal_i2c_ex.o
    0x08001d8e   0x08001d8e   0x00000002   PAD
    0x08001d90   0x08001d90   0x00000048   Code   RO         1324    .text.HAL_I2CEx_ConfigDigitalFilter  stm32g4xx_hal_i2c_ex.o
    0x08001dd8   0x08001dd8   0x000000ae   Code   RO         1168    .text.HAL_I2C_Init  stm32g4xx_hal_i2c.o
    0x08001e86   0x08001e86   0x00000002   PAD
    0x08001e88   0x08001e88   0x000000f8   Code   RO          288    .text.HAL_I2C_MspInit  i2c.o
    0x08001f80   0x08001f80   0x0000001a   Code   RO          538    .text.HAL_IncTick   stm32g4xx_hal.o
    0x08001f9a   0x08001f9a   0x00000002   PAD
    0x08001f9c   0x08001f9c   0x0000001e   Code   RO          528    .text.HAL_Init      stm32g4xx_hal.o
    0x08001fba   0x08001fba   0x00000002   PAD
    0x08001fbc   0x08001fbc   0x0000004c   Code   RO          530    .text.HAL_InitTick  stm32g4xx_hal.o
    0x08002008   0x08002008   0x00000034   Code   RO          389    .text.HAL_MspInit   stm32g4xx_hal_msp.o
    0x0800203c   0x0800203c   0x00000020   Code   RO          997    .text.HAL_NVIC_EnableIRQ  stm32g4xx_hal_cortex.o
    0x0800205c   0x0800205c   0x00000056   Code   RO          995    .text.HAL_NVIC_SetPriority  stm32g4xx_hal_cortex.o
    0x080020b2   0x080020b2   0x00000002   PAD
    0x080020b4   0x080020b4   0x00000020   Code   RO          993    .text.HAL_NVIC_SetPriorityGrouping  stm32g4xx_hal_cortex.o
    0x080020d4   0x080020d4   0x00000126   Code   RO          913    .text.HAL_PWREx_ControlVoltageScaling  stm32g4xx_hal_pwr_ex.o
    0x080021fa   0x080021fa   0x00000002   PAD
    0x080021fc   0x080021fc   0x00000012   Code   RO          983    .text.HAL_PWREx_DisableUCPDDeadBattery  stm32g4xx_hal_pwr_ex.o
    0x0800220e   0x0800220e   0x00000002   PAD
    0x08002210   0x08002210   0x000002d6   Code   RO          652    .text.HAL_RCCEx_PeriphCLKConfig  stm32g4xx_hal_rcc_ex.o
    0x080024e6   0x080024e6   0x00000002   PAD
    0x080024e8   0x080024e8   0x00000314   Code   RO          618    .text.HAL_RCC_ClockConfig  stm32g4xx_hal_rcc.o
    0x080027fc   0x080027fc   0x0000002a   Code   RO          626    .text.HAL_RCC_GetPCLK1Freq  stm32g4xx_hal_rcc.o
    0x08002826   0x08002826   0x00000002   PAD
    0x08002828   0x08002828   0x0000002a   Code   RO          628    .text.HAL_RCC_GetPCLK2Freq  stm32g4xx_hal_rcc.o
    0x08002852   0x08002852   0x00000002   PAD
    0x08002854   0x08002854   0x0000007a   Code   RO          620    .text.HAL_RCC_GetSysClockFreq  stm32g4xx_hal_rcc.o
    0x080028ce   0x080028ce   0x00000002   PAD
    0x080028d0   0x080028d0   0x000004aa   Code   RO          616    .text.HAL_RCC_OscConfig  stm32g4xx_hal_rcc.o
    0x08002d7a   0x08002d7a   0x00000002   PAD
    0x08002d7c   0x08002d7c   0x0000002c   Code   RO         1005    .text.HAL_SYSTICK_Config  stm32g4xx_hal_cortex.o
    0x08002da8   0x08002da8   0x000000d4   Code   RO         1824    .text.HAL_TIMEx_ConfigBreakDeadTime  stm32g4xx_hal_tim_ex.o
    0x08002e7c   0x08002e7c   0x0000004e   Code   RO         1862    .text.HAL_TIMEx_ConfigEncoderIndex  stm32g4xx_hal_tim_ex.o
    0x08002eca   0x08002eca   0x00000002   PAD
    0x08002ecc   0x08002ecc   0x0000000e   Code   RO         1864    .text.HAL_TIMEx_EnableEncoderIndex  stm32g4xx_hal_tim_ex.o
    0x08002eda   0x08002eda   0x00000002   PAD
    0x08002edc   0x08002edc   0x000000de   Code   RO         1822    .text.HAL_TIMEx_MasterConfigSynchronization  stm32g4xx_hal_tim_ex.o
    0x08002fba   0x08002fba   0x00000002   PAD
    0x08002fbc   0x08002fbc   0x00000112   Code   RO         1792    .text.HAL_TIMEx_PWMN_Start  stm32g4xx_hal_tim_ex.o
    0x080030ce   0x080030ce   0x00000002   PAD
    0x080030d0   0x080030d0   0x00000062   Code   RO         1527    .text.HAL_TIM_Base_Init  stm32g4xx_hal_tim.o
    0x08003132   0x08003132   0x00000002   PAD
    0x08003134   0x08003134   0x0000005a   Code   RO          334    .text.HAL_TIM_Base_MspInit  tim.o
    0x0800318e   0x0800318e   0x00000002   PAD
    0x08003190   0x08003190   0x00000220   Code   RO         1707    .text.HAL_TIM_ConfigClockSource  stm32g4xx_hal_tim.o
    0x080033b0   0x080033b0   0x000000b6   Code   RO         1641    .text.HAL_TIM_Encoder_Init  stm32g4xx_hal_tim.o
    0x08003466   0x08003466   0x00000002   PAD
    0x08003468   0x08003468   0x00000158   Code   RO          336    .text.HAL_TIM_Encoder_MspInit  tim.o
    0x080035c0   0x080035c0   0x000000bc   Code   RO         1649    .text.HAL_TIM_Encoder_Start  stm32g4xx_hal_tim.o
    0x0800367c   0x0800367c   0x000000e0   Code   RO          326    .text.HAL_TIM_MspPostInit  tim.o
    0x0800375c   0x0800375c   0x00000400   Code   RO         1681    .text.HAL_TIM_PWM_ConfigChannel  stm32g4xx_hal_tim.o
    0x08003b5c   0x08003b5c   0x00000062   Code   RO         1581    .text.HAL_TIM_PWM_Init  stm32g4xx_hal_tim.o
    0x08003bbe   0x08003bbe   0x00000002   PAD
    0x08003bc0   0x08003bc0   0x00000002   Code   RO         1583    .text.HAL_TIM_PWM_MspInit  stm32g4xx_hal_tim.o
    0x08003bc2   0x08003bc2   0x00000002   PAD
    0x08003bc4   0x08003bc4   0x0000019e   Code   RO         1589    .text.HAL_TIM_PWM_Start  stm32g4xx_hal_tim.o
    0x08003d62   0x08003d62   0x00000002   PAD
    0x08003d64   0x08003d64   0x00000036   Code   RO         1504    .text.HAL_UARTEx_DisableFifoMode  stm32g4xx_hal_uart_ex.o
    0x08003d9a   0x08003d9a   0x00000002   PAD
    0x08003d9c   0x08003d9c   0x0000008c   Code   RO         1508    .text.HAL_UARTEx_SetRxFifoThreshold  stm32g4xx_hal_uart_ex.o
    0x08003e28   0x08003e28   0x0000008c   Code   RO         1506    .text.HAL_UARTEx_SetTxFifoThreshold  stm32g4xx_hal_uart_ex.o
    0x08003eb4   0x08003eb4   0x00000064   Code   RO         1342    .text.HAL_UART_Init  stm32g4xx_hal_uart.o
    0x08003f18   0x08003f18   0x000001a2   Code   RO          308    .text.HAL_UART_MspInit  usart.o
    0x080040ba   0x080040ba   0x00000002   PAD
    0x080040bc   0x080040bc   0x00000002   Code   RO          356    .text.HardFault_Handler  stm32g4xx_it.o
    0x080040be   0x080040be   0x00000002   PAD
    0x080040c0   0x080040c0   0x00000030   Code   RO          101    .text.LowPass_Filter  lowpass_filter.o
    0x080040f0   0x080040f0   0x000000f6   Code   RO          223    .text.MX_ADC1_Init  adc.o
    0x080041e6   0x080041e6   0x00000002   PAD
    0x080041e8   0x080041e8   0x000000d6   Code   RO          225    .text.MX_ADC2_Init  adc.o
    0x080042be   0x080042be   0x00000002   PAD
    0x080042c0   0x080042c0   0x000000b0   Code   RO          227    .text.MX_ADC3_Init  adc.o
    0x08004370   0x08004370   0x00000076   Code   RO          256    .text.MX_DMA_Init   dma.o
    0x080043e6   0x080043e6   0x00000002   PAD
    0x080043e8   0x080043e8   0x00000050   Code   RO          265    .text.MX_FDCAN1_Init  fdcan.o
    0x08004438   0x08004438   0x00000050   Code   RO          267    .text.MX_FDCAN2_Init  fdcan.o
    0x08004488   0x08004488   0x000000ea   Code   RO          214    .text.MX_GPIO_Init  gpio.o
    0x08004572   0x08004572   0x00000002   PAD
    0x08004574   0x08004574   0x00000076   Code   RO          284    .text.MX_I2C1_Init  i2c.o
    0x080045ea   0x080045ea   0x00000002   PAD
    0x080045ec   0x080045ec   0x00000076   Code   RO          286    .text.MX_I2C2_Init  i2c.o
    0x08004662   0x08004662   0x00000002   PAD
    0x08004664   0x08004664   0x00000084   Code   RO          302    .text.MX_LPUART1_UART_Init  usart.o
    0x080046e8   0x080046e8   0x0000017e   Code   RO          324    .text.MX_TIM1_Init  tim.o
    0x08004866   0x08004866   0x00000002   PAD
    0x08004868   0x08004868   0x0000009c   Code   RO          328    .text.MX_TIM2_Init  tim.o
    0x08004904   0x08004904   0x000000a0   Code   RO          330    .text.MX_TIM3_Init  tim.o
    0x080049a4   0x080049a4   0x0000014a   Code   RO          332    .text.MX_TIM8_Init  tim.o
    0x08004aee   0x08004aee   0x00000002   PAD
    0x08004af0   0x08004af0   0x00000082   Code   RO          304    .text.MX_USART1_UART_Init  usart.o
    0x08004b72   0x08004b72   0x00000002   PAD
    0x08004b74   0x08004b74   0x00000082   Code   RO          306    .text.MX_USART3_UART_Init  usart.o
    0x08004bf6   0x08004bf6   0x00000002   PAD
    0x08004bf8   0x08004bf8   0x00000002   Code   RO          358    .text.MemManage_Handler  stm32g4xx_it.o
    0x08004bfa   0x08004bfa   0x00000002   PAD
    0x08004bfc   0x08004bfc   0x0000008c   Code   RO           42    .text.Moment_limiting  control.o
    0x08004c88   0x08004c88   0x00000002   Code   RO          354    .text.NMI_Handler   stm32g4xx_it.o
    0x08004c8a   0x08004c8a   0x00000002   PAD
    0x08004c8c   0x08004c8c   0x0000007a   Code   RO          119    .text.PID_init      pid.o
    0x08004d06   0x08004d06   0x00000002   PAD
    0x08004d08   0x08004d08   0x00000002   Code   RO          368    .text.PendSV_Handler  stm32g4xx_it.o
    0x08004d0a   0x08004d0a   0x00000002   PAD
    0x08004d0c   0x08004d0c   0x00000002   Code   RO          364    .text.SVC_Handler   stm32g4xx_it.o
    0x08004d0e   0x08004d0e   0x00000002   PAD
    0x08004d10   0x08004d10   0x00000080   Code   RO           38    .text.Speed_Control  control.o
    0x08004d90   0x08004d90   0x00000004   Code   RO          370    .text.SysTick_Handler  stm32g4xx_it.o
    0x08004d94   0x08004d94   0x00000012   Code   RO         1901    .text.SystemInit    system_stm32g4xx.o
    0x08004da6   0x08004da6   0x00000002   PAD
    0x08004da8   0x08004da8   0x0000001c   Code   RO          129    .text.TIM2_M1_ABZ   abz.o
    0x08004dc4   0x08004dc4   0x0000001c   Code   RO          131    .text.TIM3_M2_ABZ   abz.o
    0x08004de0   0x08004de0   0x0000014c   Code   RO         1531    .text.TIM_Base_SetConfig  stm32g4xx_hal_tim.o
    0x08004f2c   0x08004f2c   0x00000016   Code   RO         1705    .text.TIM_ETR_SetConfig  stm32g4xx_hal_tim.o
    0x08004f42   0x08004f42   0x00000002   PAD
    0x08004f44   0x08004f44   0x000000e8   Code   RO         1346    .text.UART_AdvFeatureConfig  stm32g4xx_hal_uart.o
    0x0800502c   0x0800502c   0x0000016e   Code   RO         1350    .text.UART_CheckIdleState  stm32g4xx_hal_uart.o
    0x0800519a   0x0800519a   0x00000002   PAD
    0x0800519c   0x0800519c   0x000002c0   Code   RO         1348    .text.UART_SetConfig  stm32g4xx_hal_uart.o
    0x0800545c   0x0800545c   0x00000348   Code   RO         1364    .text.UART_WaitOnFlagUntilTimeout  stm32g4xx_hal_uart.o
    0x080057a4   0x080057a4   0x00000002   Code   RO          362    .text.UsageFault_Handler  stm32g4xx_it.o
    0x080057a6   0x080057a6   0x00000002   PAD
    0x080057a8   0x080057a8   0x00000122   Code   RO          160    .text.main          main.o
    0x080058ca   0x080058ca   0x00000006   PAD
    0x080058d0   0x080058d0   0x0000032c   Code   RO           63    .text.setTorque     foc.o
    0x08005bfc   0x08005bfc   0x00000030   Code   RO         2298    i.__ARM_fpclassify  m_wm.l(fpclassify.o)
    0x08005c2c   0x08005c2c   0x00000004   PAD
    0x08005c30   0x08005c30   0x000000c8   Code   RO         1915    i.__hardfp_cos      m_wm.l(cos.o)
    0x08005cf8   0x08005cf8   0x00000104   Code   RO         1921    i.__hardfp_fmod     m_wm.l(fmod.o)
    0x08005dfc   0x08005dfc   0x00000004   PAD
    0x08005e00   0x08005e00   0x000000c8   Code   RO         1927    i.__hardfp_sin      m_wm.l(sin.o)
    0x08005ec8   0x08005ec8   0x00000438   Code   RO         2228    i.__ieee754_rem_pio2  m_wm.l(rred.o)
    0x08006300   0x08006300   0x00000170   Code   RO         2211    i.__kernel_cos      m_wm.l(cos_i.o)
    0x08006470   0x08006470   0x000000f8   Code   RO         2300    i.__kernel_poly     m_wm.l(poly.o)
    0x08006568   0x08006568   0x00000130   Code   RO         2233    i.__kernel_sin      m_wm.l(sin_i.o)
    0x08006698   0x08006698   0x00000014   Code   RO         2215    i.__mathlib_dbl_infnan  m_wm.l(dunder.o)
    0x080066ac   0x080066ac   0x00000004   PAD
    0x080066b0   0x080066b0   0x00000020   Code   RO         2217    i.__mathlib_dbl_invalid  m_wm.l(dunder.o)
    0x080066d0   0x080066d0   0x00000020   Code   RO         2220    i.__mathlib_dbl_underflow  m_wm.l(dunder.o)
    0x080066f0   0x080066f0   0x0000000e   Code   RO         2314    i.__scatterload_copy  mc_w.l(handlers.o)
    0x080066fe   0x080066fe   0x00000002   Code   RO         2315    i.__scatterload_null  mc_w.l(handlers.o)
    0x08006700   0x08006700   0x0000000e   Code   RO         2316    i.__scatterload_zeroinit  mc_w.l(handlers.o)
    0x0800670e   0x0800670e   0x00000002   PAD
    0x08006710   0x08006710   0x0000000c   Code   RO         2274    i.__set_errno       mc_w.l(errno.o)
    0x0800671c   0x0800671c   0x00000018   Code   RO         2294    i.fabs              m_wm.l(fabs.o)
    0x08006734   0x08006734   0x00000004   PAD
    0x08006738   0x08006738   0x00000030   Data   RO         2212    .constdata          m_wm.l(cos_i.o)
    0x08006768   0x08006768   0x000000cc   Data   RO         2230    .constdata          m_wm.l(rred.o)
    0x08006834   0x08006834   0x00000004   PAD
    0x08006838   0x08006838   0x00000028   Data   RO         2234    .constdata          m_wm.l(sin_i.o)
    0x08006860   0x08006860   0x00000010   Data   RO         1906    .rodata.AHBPrescTable  system_stm32g4xx.o
    0x08006870   0x08006870   0x00000008   Data   RO         1907    .rodata.APBPrescTable  system_stm32g4xx.o
    0x08006878   0x08006878   0x00000018   Data   RO         1476    .rodata.UARTPrescTable  stm32g4xx_hal_uart.o
    0x08006890   0x08006890   0x00000010   Data   RO         1477    .rodata.cst16       stm32g4xx_hal_uart.o
    0x080068a0   0x080068a0   0x00000010   Data   RO         1518    .rodata.cst8        stm32g4xx_hal_uart_ex.o
    0x080068b0   0x080068b0   0x00000020   Data   RO         2313    Region$$Table       anon$$obj.o


    Execution Region RW_IRAM1 (Exec base: 0x20000000, Load base: 0x080068d0, Size: 0x00000c98, Max: 0x00020000, ABSOLUTE)

    Exec Addr    Load Addr    Size         Type   Attr      Idx    E Section Name        Object

    0x20000000   0x080068d0   0x00000004   Data   RW         2275    .data               mc_w.l(errno.o)
    0x20000004   0x080068d4   0x0000000c   Data   RW          206    .data..L_MergedGlobals  main.o
    0x20000010   0x080068e0   0x00000008   Data   RW          605    .data..L_MergedGlobals  stm32g4xx_hal.o
    0x20000018   0x080068e8   0x00000004   Data   RW         1905    .data.SystemCoreClock  system_stm32g4xx.o
    0x2000001c   0x080068ec   0x00000004   Data   RW          166    .data.voltage_limit  main.o
    0x20000020        -       0x0000000c   Zero   RW           44    .bss..L_MergedGlobals  control.o
    0x2000002c        -       0x0000006c   Zero   RW          121    .bss..L_MergedGlobals  pid.o
    0x20000098        -       0x00000038   Zero   RW          151    .bss..L_MergedGlobals  abz.o
    0x200000d0        -       0x00000020   Zero   RW          247    .bss..L_MergedGlobals  adc.o
    0x200000f0        -       0x00000004   Zero   RW          177    .bss.ABZ_Sensor_Speed  main.o
    0x200000f4        -       0x00000004   Zero   RW          275    .bss.HAL_RCC_FDCAN_CLK_ENABLED  fdcan.o
    0x200000f8        -       0x00000004   Zero   RW          169    .bss.Ua             main.o
    0x200000fc        -       0x00000004   Zero   RW          204    .bss.Ualpha         main.o
    0x20000100        -       0x00000004   Zero   RW          170    .bss.Ub             main.o
    0x20000104        -       0x00000004   Zero   RW          168    .bss.Ubeta          main.o
    0x20000108        -       0x00000004   Zero   RW          171    .bss.Uc             main.o
    0x2000010c        -       0x0000001c   Zero   RW          108    .bss.adc1_filter_Ia  lowpass_filter.o
    0x20000128        -       0x0000001c   Zero   RW          109    .bss.adc1_filter_Ib  lowpass_filter.o
    0x20000144        -       0x0000001c   Zero   RW          110    .bss.adc1_filter_Ic  lowpass_filter.o
    0x20000160        -       0x00000004   Zero   RW          172    .bss.dc_a           main.o
    0x20000164        -       0x00000004   Zero   RW          173    .bss.dc_b           main.o
    0x20000168        -       0x00000004   Zero   RW          174    .bss.dc_c           main.o
    0x2000016c        -       0x0000006c   Zero   RW          241    .bss.hadc1          adc.o
    0x200001d8        -       0x0000006c   Zero   RW          242    .bss.hadc2          adc.o
    0x20000244        -       0x0000006c   Zero   RW          243    .bss.hadc3          adc.o
    0x200002b0        -       0x00000060   Zero   RW          244    .bss.hdma_adc1      adc.o
    0x20000310        -       0x00000060   Zero   RW          245    .bss.hdma_adc2      adc.o
    0x20000370        -       0x00000060   Zero   RW          246    .bss.hdma_adc3      adc.o
    0x200003d0        -       0x00000060   Zero   RW          315    .bss.hdma_usart1_tx  usart.o
    0x20000430        -       0x00000064   Zero   RW          273    .bss.hfdcan1        fdcan.o
    0x20000494        -       0x00000064   Zero   RW          274    .bss.hfdcan2        fdcan.o
    0x200004f8        -       0x00000054   Zero   RW          292    .bss.hi2c1          i2c.o
    0x2000054c        -       0x00000054   Zero   RW          293    .bss.hi2c2          i2c.o
    0x200005a0        -       0x00000094   Zero   RW          312    .bss.hlpuart1       usart.o
    0x20000634        -       0x0000004c   Zero   RW          342    .bss.htim1          tim.o
    0x20000680        -       0x0000004c   Zero   RW          343    .bss.htim2          tim.o
    0x200006cc        -       0x0000004c   Zero   RW          344    .bss.htim3          tim.o
    0x20000718        -       0x0000004c   Zero   RW          345    .bss.htim8          tim.o
    0x20000764        -       0x00000094   Zero   RW          313    .bss.huart1         usart.o
    0x200007f8        -       0x00000094   Zero   RW          314    .bss.huart3         usart.o
    0x2000088c        -       0x00000004   Zero   RW          604    .bss.uwTick         stm32g4xx_hal.o
    0x20000890        -       0x00000004   Zero   RW          107    .bss.y_prev         lowpass_filter.o
    0x20000894        -       0x00000004   Zero   RW          167    .bss.zero_electric_angle  main.o
    0x20000898        -       0x00000400   Zero   RW            1    STACK               startup_stm32g474xx.o


==============================================================================

Image component sizes


      Code (inc. data)   RO Data    RW Data    ZI Data      Debug   Object Name

       364         28          0          0         56       7142   abz.o
      1232          0          0          0        644       9315   adc.o
       268          8          0          0         12       1372   control.o
       118          0          0          0          0       4118   dma.o
       436          0          0          0        204       6138   fdcan.o
      1216         72          0          0          0      14825   foc.o
       234          0          0          0          0       4745   gpio.o
       484          0          0          0        168       7122   i2c.o
        66          8          0          0         88       1562   lowpass_filter.o
       300          0          0         16         40       3640   main.o
       122          0          0          0        108        780   pid.o
        36          8        472          0       1024        844   startup_stm32g474xx.o
       184          0          0          8          4       9540   stm32g4xx_hal.o
      1636          0          0          0          0      28766   stm32g4xx_hal_adc.o
       308          0          0          0          0      22774   stm32g4xx_hal_adc_ex.o
       194          0          0          0          0      10892   stm32g4xx_hal_cortex.o
       468          0          0          0          0       9376   stm32g4xx_hal_dma.o
       596          0          0          0          0      23375   stm32g4xx_hal_fdcan.o
       510          0          0          0          0       5451   stm32g4xx_hal_gpio.o
       174          0          0          0          0      56965   stm32g4xx_hal_i2c.o
       146          0          0          0          0       6550   stm32g4xx_hal_i2c_ex.o
        52          0          0          0          0       1748   stm32g4xx_hal_msp.o
       312          0          0          0          0       9530   stm32g4xx_hal_pwr_ex.o
      2188          0          0          0          0       9970   stm32g4xx_hal_rcc.o
       726          0          0          0          0      11165   stm32g4xx_hal_rcc_ex.o
      2904         22          0          0          0      61195   stm32g4xx_hal_tim.o
       800          0          0          0          0      30343   stm32g4xx_hal_tim_ex.o
      2242         48         40          0          0      41910   stm32g4xx_hal_uart.o
       334          0         16          0          0      11397   stm32g4xx_hal_uart_ex.o
        76          0          0          0          0       3717   stm32g4xx_it.o
        18          0         24          4          0       2777   system_stm32g4xx.o
      1686          0          0          0        304       9990   tim.o
       810          0          0          0        540       7696   usart.o

    ----------------------------------------------------------------------
     21356        194        584         28       3192     436730   Object Totals
         0          0         32          0          0          0   (incl. Generated)
       116          0          0          0          0          0   (incl. Padding)

    ----------------------------------------------------------------------

      Code (inc. data)   RO Data    RW Data    ZI Data      Debug   Library Member Name

       200         20          0          0          0        164   cos.o
       368         46         48          0          0        200   cos_i.o
        84         16          0          0          0        372   dunder.o
        24          0          0          0          0        124   fabs.o
       260          6          0          0          0        144   fmod.o
        48          0          0          0          0        124   fpclassify.o
       248          0          0          0          0        152   poly.o
      1080        142        204          0          0        188   rred.o
       200         20          0          0          0        164   sin.o
       304         24         40          0          0        208   sin_i.o
         0          0          0          0          0          0   entry.o
         0          0          0          0          0          0   entry10a.o
         0          0          0          0          0          0   entry11a.o
         8          4          0          0          0          0   entry2.o
         4          0          0          0          0          0   entry5.o
         0          0          0          0          0          0   entry7b.o
         0          0          0          0          0          0   entry8b.o
         8          4          0          0          0          0   entry9a.o
        12          6          0          4          0         68   errno.o
        30          0          0          0          0          0   handlers.o
        36          8          0          0          0         68   init.o
         0          0          0          0          0          0   iusefp.o
        30          0          0          0          0         68   llshl.o
        36          0          0          0          0         68   llsshr.o
        32          0          0          0          0         68   llushr.o
        36          0          0          0          0        108   memseta.o
        98          0          0          0          0         92   uldiv.o
        56          0          0          0          0         88   d2f.o
       334          0          0          0          0        148   dadd.o
       222          0          0          0          0        100   ddiv.o
       186          0          0          0          0        176   depilogue.o
        62          0          0          0          0         80   dfixi.o
        34          0          0          0          0         76   dflti.o
        26          0          0          0          0         76   dfltui.o
       228          0          0          0          0         96   dmul.o
       134          0          0          0          0         96   drem.o
        38          0          0          0          0         68   f2d.o
       110          0          0          0          0        168   fepilogue.o

    ----------------------------------------------------------------------
      4596        300        296          4          0       3552   Library Totals
        20          4          4          0          0          0   (incl. Padding)

    ----------------------------------------------------------------------

      Code (inc. data)   RO Data    RW Data    ZI Data      Debug   Library Name

      2816        274        292          0          0       1840   m_wm.l
       330         22          0          4          0        540   mc_w.l
      1430          0          0          0          0       1172   mf_w.l

    ----------------------------------------------------------------------
      4596        300        296          4          0       3552   Library Totals

    ----------------------------------------------------------------------

==============================================================================


      Code (inc. data)   RO Data    RW Data    ZI Data      Debug   

     25952        494        880         32       3192     437986   Grand Totals
     25952        494        880         32       3192     437986   ELF Image Totals
     25952        494        880         32          0          0   ROM Totals

==============================================================================

    Total RO  Size (Code + RO Data)                26832 (  26.20kB)
    Total RW  Size (RW Data + ZI Data)              3224 (   3.15kB)
    Total ROM Size (Code + RO Data + RW Data)      26864 (  26.23kB)

==============================================================================

